Component: ARM Compiler 5.06 update 6 (build 750) Tool: armlink [4d35ed]

==============================================================================

Section Cross References

    main.o(i.assert_nrf_callback) refers to app_error_handler_keil.o(.emb_text) for app_error_handler
    main.o(i.ble_evt_handler) refers to nrf_log_frontend.o(i.nrf_log_frontend_std_0) for nrf_log_frontend_std_0
    main.o(i.ble_evt_handler) refers to ble_nus_c.o(i.ble_nus_c_handles_assign) for ble_nus_c_handles_assign
    main.o(i.ble_evt_handler) refers to app_error.o(i.app_error_handler_bare) for app_error_handler_bare
    main.o(i.ble_evt_handler) refers to bsp.o(i.bsp_indication_set) for bsp_indication_set
    main.o(i.ble_evt_handler) refers to ble_db_discovery.o(i.ble_db_discovery_start) for ble_db_discovery_start
    main.o(i.ble_evt_handler) refers to nrf_log_frontend.o(i.nrf_log_frontend_std_2) for nrf_log_frontend_std_2
    main.o(i.ble_evt_handler) refers to nrf_log_frontend.o(log_const_data) for m_nrf_log_app_logs_data_const
    main.o(i.ble_evt_handler) refers to main.o(.bss) for .bss
    main.o(i.ble_evt_handler) refers to main.o(.data) for .data
    main.o(i.ble_nus_c_evt_handler) refers to nrf_log_frontend.o(i.nrf_log_frontend_std_0) for nrf_log_frontend_std_0
    main.o(i.ble_nus_c_evt_handler) refers to main.o(i.scan_start) for scan_start
    main.o(i.ble_nus_c_evt_handler) refers to ble_nus_c.o(i.ble_nus_c_handles_assign) for ble_nus_c_handles_assign
    main.o(i.ble_nus_c_evt_handler) refers to app_error.o(i.app_error_handler_bare) for app_error_handler_bare
    main.o(i.ble_nus_c_evt_handler) refers to ble_nus_c.o(i.ble_nus_c_tx_notif_enable) for ble_nus_c_tx_notif_enable
    main.o(i.ble_nus_c_evt_handler) refers to main.o(i.ble_nus_chars_received_uart_print) for ble_nus_chars_received_uart_print
    main.o(i.ble_nus_c_evt_handler) refers to nrf_log_frontend.o(log_const_data) for m_nrf_log_app_logs_data_const
    main.o(i.ble_nus_chars_received_uart_print) refers to app_uart_fifo.o(i.app_uart_put) for app_uart_put
    main.o(i.ble_nus_chars_received_uart_print) refers to nrf_log_frontend.o(i.nrf_log_frontend_std_1) for nrf_log_frontend_std_1
    main.o(i.ble_nus_chars_received_uart_print) refers to app_error.o(i.app_error_handler_bare) for app_error_handler_bare
    main.o(i.ble_nus_chars_received_uart_print) refers to ble_nus_c.o(i.ble_nus_c_string_send) for ble_nus_c_string_send
    main.o(i.ble_nus_chars_received_uart_print) refers to nrf_log_frontend.o(log_const_data) for m_nrf_log_app_logs_data_const
    main.o(i.ble_nus_chars_received_uart_print) refers to main.o(.bss) for .bss
    main.o(i.bsp_event_handler) refers to nrf_pwr_mgmt.o(i.nrf_pwr_mgmt_shutdown) for nrf_pwr_mgmt_shutdown
    main.o(i.bsp_event_handler) refers to app_error.o(i.app_error_handler_bare) for app_error_handler_bare
    main.o(i.bsp_event_handler) refers to main.o(.bss) for .bss
    main.o(i.db_disc_handler) refers to ble_nus_c.o(i.ble_nus_c_on_db_disc_evt) for ble_nus_c_on_db_disc_evt
    main.o(i.db_disc_handler) refers to main.o(.bss) for .bss
    main.o(i.gatt_evt_handler) refers to nrf_log_frontend.o(i.nrf_log_frontend_std_0) for nrf_log_frontend_std_0
    main.o(i.gatt_evt_handler) refers to nrf_log_frontend.o(i.nrf_log_frontend_std_2) for nrf_log_frontend_std_2
    main.o(i.gatt_evt_handler) refers to nrf_log_frontend.o(log_const_data) for m_nrf_log_app_logs_data_const
    main.o(i.gatt_evt_handler) refers to main.o(.data) for .data
    main.o(i.gatt_init) refers to nrf_ble_gatt.o(i.nrf_ble_gatt_init) for nrf_ble_gatt_init
    main.o(i.gatt_init) refers to app_error.o(i.app_error_handler_bare) for app_error_handler_bare
    main.o(i.gatt_init) refers to nrf_ble_gatt.o(i.nrf_ble_gatt_att_mtu_central_set) for nrf_ble_gatt_att_mtu_central_set
    main.o(i.gatt_init) refers to main.o(i.gatt_evt_handler) for gatt_evt_handler
    main.o(i.gatt_init) refers to main.o(.bss) for .bss
    main.o(i.main) refers to nrf_log_frontend.o(i.nrf_log_init) for nrf_log_init
    main.o(i.main) refers to app_error.o(i.app_error_handler_bare) for app_error_handler_bare
    main.o(i.main) refers to nrf_log_default_backends.o(i.nrf_log_default_backends_init) for nrf_log_default_backends_init
    main.o(i.main) refers to app_timer2.o(i.app_timer_init) for app_timer_init
    main.o(i.main) refers to memcpya.o(.text) for __aeabi_memcpy4
    main.o(i.main) refers to app_uart_fifo.o(i.app_uart_init) for app_uart_init
    main.o(i.main) refers to bsp.o(i.bsp_init) for bsp_init
    main.o(i.main) refers to bsp_btn_ble.o(i.bsp_btn_ble_init) for bsp_btn_ble_init
    main.o(i.main) refers to ble_db_discovery.o(i.ble_db_discovery_init) for ble_db_discovery_init
    main.o(i.main) refers to nrf_pwr_mgmt.o(i.nrf_pwr_mgmt_init) for nrf_pwr_mgmt_init
    main.o(i.main) refers to nrf_sdh.o(i.nrf_sdh_enable_request) for nrf_sdh_enable_request
    main.o(i.main) refers to nrf_sdh_ble.o(i.nrf_sdh_ble_default_cfg_set) for nrf_sdh_ble_default_cfg_set
[...]
    __asm___12_nrf_atomic_c_85ca2469__nrf_atomic_internal_mov 0x000262dd   Thumb Code    24  nrf_atomic.o(.emb_text)
    __asm___12_nrf_atomic_c_85ca2469__nrf_atomic_internal_orr 0x000262f5   Thumb Code    26  nrf_atomic.o(.emb_text)
    __asm___12_nrf_atomic_c_85ca2469__nrf_atomic_internal_and 0x0002630f   Thumb Code    26  nrf_atomic.o(.emb_text)
    __asm___12_nrf_atomic_c_85ca2469__nrf_atomic_internal_eor 0x00026329   Thumb Code    26  nrf_atomic.o(.emb_text)
    __asm___12_nrf_atomic_c_85ca2469__nrf_atomic_internal_add 0x00026343   Thumb Code    26  nrf_atomic.o(.emb_text)
    __asm___12_nrf_atomic_c_85ca2469__nrf_atomic_internal_sub 0x0002635d   Thumb Code    26  nrf_atomic.o(.emb_text)
    __asm___12_nrf_atomic_c_85ca2469__nrf_atomic_internal_cmp_exch 0x00026377   Thumb Code    42  nrf_atomic.o(.emb_text)
    __asm___12_nrf_atomic_c_85ca2469__nrf_atomic_internal_sub_hs 0x000263a1   Thumb Code    30  nrf_atomic.o(.emb_text)
    Reset_Handler                            0x000263c1   Thumb Code     8  arm_startup_nrf52.o(.text)
    NMI_Handler                              0x000263c9   Thumb Code     2  arm_startup_nrf52.o(.text)
    HardFault_Handler                        0x000263cb   Thumb Code     2  arm_startup_nrf52.o(.text)
    MemoryManagement_Handler                 0x000263cd   Thumb Code     2  arm_startup_nrf52.o(.text)
    BusFault_Handler                         0x000263cf   Thumb Code     2  arm_startup_nrf52.o(.text)
    UsageFault_Handler                       0x000263d1   Thumb Code     2  arm_startup_nrf52.o(.text)
    SVC_Handler                              0x000263d3   Thumb Code     2  arm_startup_nrf52.o(.text)
    DebugMon_Handler                         0x000263d5   Thumb Code     2  arm_startup_nrf52.o(.text)
    PendSV_Handler                           0x000263d7   Thumb Code     2  arm_startup_nrf52.o(.text)
    SysTick_Handler                          0x000263d9   Thumb Code     2  arm_startup_nrf52.o(.text)
    CCM_AAR_IRQHandler                       0x000263db   Thumb Code     0  arm_startup_nrf52.o(.text)
    COMP_LPCOMP_IRQHandler                   0x000263db   Thumb Code     0  arm_startup_nrf52.o(.text)
    ECB_IRQHandler                           0x000263db   Thumb Code     0  arm_startup_nrf52.o(.text)
    FPU_IRQHandler                           0x000263db   Thumb Code     0  arm_startup_nrf52.o(.text)
    I2S_IRQHandler                           0x000263db   Thumb Code     0  arm_startup_nrf52.o(.text)
    MWU_IRQHandler                           0x000263db   Thumb Code     0  arm_startup_nrf52.o(.text)
    NFCT_IRQHandler                          0x000263db   Thumb Code     0  arm_startup_nrf52.o(.text)
    PDM_IRQHandler                           0x000263db   Thumb Code     0  arm_startup_nrf52.o(.text)
    PWM0_IRQHandler                          0x000263db   Thumb Code     0  arm_startup_nrf52.o(.text)
    PWM1_IRQHandler                          0x000263db   Thumb Code     0  arm_startup_nrf52.o(.text)
    PWM2_IRQHandler                          0x000263db   Thumb Code     0  arm_startup_nrf52.o(.text)
    QDEC_IRQHandler                          0x000263db   Thumb Code     0  arm_startup_nrf52.o(.text)
    RADIO_IRQHandler                         0x000263db   Thumb Code     0  arm_startup_nrf52.o(.text)
    RNG_IRQHandler                           0x000263db   Thumb Code     0  arm_startup_nrf52.o(.text)
    RTC0_IRQHandler                          0x000263db   Thumb Code     0  arm_startup_nrf52.o(.text)
    RTC2_IRQHandler                          0x000263db   Thumb Code     0  arm_startup_nrf52.o(.text)
    SAADC_IRQHandler                         0x000263db   Thumb Code     0  arm_startup_nrf52.o(.text)
    SPIM0_SPIS0_TWIM0_TWIS0_SPI0_TWI0_IRQHandler 0x000263db   Thumb Code     0  arm_startup_nrf52.o(.text)
    SPIM1_SPIS1_TWIM1_TWIS1_SPI1_TWI1_IRQHandler 0x000263db   Thumb Code     0  arm_startup_nrf52.o(.text)
    SPIM2_SPIS2_SPI2_IRQHandler              0x000263db   Thumb Code     0  arm_startup_nrf52.o(.text)
    SWI0_EGU0_IRQHandler                     0x000263db   Thumb Code     0  arm_startup_nrf52.o(.text)
    SWI1_EGU1_IRQHandler                     0x000263db   Thumb Code     0  arm_startup_nrf52.o(.text)
    SWI3_EGU3_IRQHandler                     0x000263db   Thumb Code     0  arm_startup_nrf52.o(.text)
    SWI4_EGU4_IRQHandler                     0x000263db   Thumb Code     0  arm_startup_nrf52.o(.text)
    SWI5_EGU5_IRQHandler                     0x000263db   Thumb Code     0  arm_startup_nrf52.o(.text)
    TEMP_IRQHandler                          0x000263db   Thumb Code     0  arm_startup_nrf52.o(.text)
    TIMER0_IRQHandler                        0x000263db   Thumb Code     0  arm_startup_nrf52.o(.text)
    TIMER1_IRQHandler                        0x000263db   Thumb Code     0  arm_startup_nrf52.o(.text)
    TIMER2_IRQHandler                        0x000263db   Thumb Code     0  arm_startup_nrf52.o(.text)
    TIMER3_IRQHandler                        0x000263db   Thumb Code     0  arm_startup_nrf52.o(.text)
    TIMER4_IRQHandler                        0x000263db   Thumb Code     0  arm_startup_nrf52.o(.text)
    WDT_IRQHandler                           0x000263db   Thumb Code     0  arm_startup_nrf52.o(.text)
    __aeabi_uldivmod                         0x000263e5   Thumb Code    98  uldiv.o(.text)
    __aeabi_llsl                             0x00026447   Thumb Code    30  llshl.o(.text)
    _ll_shift_l                              0x00026447   Thumb Code     0  llshl.o(.text)
    __rt_ctype_table                         0x00026465   Thumb Code     4  ctype_o.o(.text)
    __aeabi_memcpy                           0x0002646d   Thumb Code    36  memcpya.o(.text)
    __aeabi_memcpy4                          0x0002646d   Thumb Code     0  memcpya.o(.text)
    __aeabi_memcpy8                          0x0002646d   Thumb Code     0  memcpya.o(.text)
    __aeabi_memset                           0x00026491   Thumb Code    14  memseta.o(.text)
    __aeabi_memset4                          0x00026491   Thumb Code     0  memseta.o(.text)
    __aeabi_memset8                          0x00026491   Thumb Code     0  memseta.o(.text)
    __aeabi_memclr                           0x0002649f   Thumb Code     4  memseta.o(.text)
    __aeabi_memclr4                          0x0002649f   Thumb Code     0  memseta.o(.text)
    __aeabi_memclr8                          0x0002649f   Thumb Code     0  memseta.o(.text)
    _memset$wrapper                          0x000264a3   Thumb Code    18  memseta.o(.text)
    strlen                                   0x000264b5   Thumb Code    14  strlen.o(.text)
    memcmp                                   0x000264c3   Thumb Code    26  memcmp.o(.text)
    strcpy                                   0x000264dd   Thumb Code    18  strcpy.o(.text)
    __aeabi_llsr                             0x000264ef   Thumb Code    32  llushr.o(.text)
    _ll_ushift_r                             0x000264ef   Thumb Code     0  llushr.o(.text)
    __scatterload                            0x00026511   Thumb Code    28  init.o(.text)
    __scatterload_rt2                        0x00026511   Thumb Code     0  init.o(.text)
    __decompress                             0x00026535   Thumb Code     0  __dczerorl2.o(.text)
    __decompress1                            0x00026535   Thumb Code    86  __dczerorl2.o(.text)
    GPIOTE_IRQHandler                        0x0002658d   Thumb Code   346  nrfx_gpiote.o(i.GPIOTE_IRQHandler)
    POWER_CLOCK_IRQHandler                   0x000266f1   Thumb Code    82  nrfx_clock.o(i.POWER_CLOCK_IRQHandler)
    RTC1_IRQHandler                          0x00026749   Thumb Code    12  drv_rtc.o(i.RTC1_IRQHandler)
    SEGGER_RTT_Init                          0x00026759   Thumb Code     4  segger_rtt.o(i.SEGGER_RTT_Init)
    SEGGER_RTT_WriteNoLock                   0x0002675d   Thumb Code    86  segger_rtt.o(i.SEGGER_RTT_WriteNoLock)
    SWI2_EGU2_IRQHandler                     0x000267b9   Thumb Code     4  nrf_sdh.o(i.SWI2_EGU2_IRQHandler)
    SystemInit                               0x000267bd   Thumb Code   726  system_nrf52.o(i.SystemInit)
    UARTE0_UART0_IRQHandler                  0x00026ad9   Thumb Code     6  nrfx_prs.o(i.UARTE0_UART0_IRQHandler)
    __0printf$bare                           0x00026c01   Thumb Code     8  printfb.o(i.__0printf$bare)
    __1printf$bare                           0x00026c01   Thumb Code     0  printfb.o(i.__0printf$bare)
    __2printf                                0x00026c01   Thumb Code     0  printfb.o(i.__0printf$bare)
    __scatterload_copy                       0x00026c11   Thumb Code    14  handlers.o(i.__scatterload_copy)
    __scatterload_null                       0x00026c1f   Thumb Code     2  handlers.o(i.__scatterload_null)
    __scatterload_zeroinit                   0x00026c21   Thumb Code    14  handlers.o(i.__scatterload_zeroinit)
    app_button_enable                        0x00026cb5   Thumb Code    32  app_button.o(i.app_button_enable)
    app_button_init                          0x00026cd9   Thumb Code   106  app_button.o(i.app_button_init)
    app_error_fault_handler                  0x00026d59   Thumb Code    86  app_error_weak.o(i.app_error_fault_handler)
    app_error_handler_bare                   0x00026ddd   Thumb Code    22  app_error.o(i.app_error_handler_bare)
    app_fifo_get                             0x00026df3   Thumb Code    22  app_fifo.o(i.app_fifo_get)
    app_fifo_init                            0x00026e09   Thumb Code    32  app_fifo.o(i.app_fifo_init)
    app_fifo_put                             0x00026e29   Thumb Code    26  app_fifo.o(i.app_fifo_put)
    app_timer_cnt_get                        0x00026e45   Thumb Code     6  app_timer2.o(i.app_timer_cnt_get)
    app_timer_create                         0x00026e51   Thumb Code    22  app_timer2.o(i.app_timer_create)
    app_timer_init                           0x00026e69   Thumb Code    70  app_timer2.o(i.app_timer_init)
    app_timer_start                          0x00026ec5   Thumb Code    48  app_timer2.o(i.app_timer_start)
    app_timer_stop                           0x00026ef5   Thumb Code    12  app_timer2.o(i.app_timer_stop)
    app_uart_get                             0x00026f01   Thumb Code    42  app_uart_fifo.o(i.app_uart_get)
    app_uart_init                            0x00026f35   Thumb Code   148  app_uart_fifo.o(i.app_uart_init)
    app_uart_put                             0x00026fd9   Thumb Code    70  app_uart_fifo.o(i.app_uart_put)
    app_util_critical_region_enter           0x0002702d   Thumb Code    64  app_util_platform.o(i.app_util_critical_region_enter)
    app_util_critical_region_exit            0x00027075   Thumb Code    46  app_util_platform.o(i.app_util_critical_region_exit)
    ble_db_discovery_evt_register            0x000271b9   Thumb Code    56  ble_db_discovery.o(i.ble_db_discovery_evt_register)
    ble_db_discovery_init                    0x000271f9   Thumb Code    32  ble_db_discovery.o(i.ble_db_discovery_init)
    ble_db_discovery_on_ble_evt              0x0002721d   Thumb Code    86  ble_db_discovery.o(i.ble_db_discovery_on_ble_evt)
    ble_db_discovery_start                   0x00027279   Thumb Code    34  ble_db_discovery.o(i.ble_db_discovery_start)
    ble_nus_c_handles_assign                 0x000274fd   Thumb Code    28  ble_nus_c.o(i.ble_nus_c_handles_assign)
    ble_nus_c_init                           0x00027519   Thumb Code    84  ble_nus_c.o(i.ble_nus_c_init)
    ble_nus_c_on_ble_evt                     0x00027571   Thumb Code   106  ble_nus_c.o(i.ble_nus_c_on_ble_evt)
    ble_nus_c_on_db_disc_evt                 0x000275db   Thumb Code   128  ble_nus_c.o(i.ble_nus_c_on_db_disc_evt)
    ble_nus_c_string_send                    0x0002765d   Thumb Code   124  ble_nus_c.o(i.ble_nus_c_string_send)
    ble_nus_c_tx_notif_enable                0x00027715   Thumb Code   114  ble_nus_c.o(i.ble_nus_c_tx_notif_enable)
    bsp_board_button_idx_to_pin              0x00027869   Thumb Code     6  boards.o(i.bsp_board_button_idx_to_pin)
    bsp_board_button_state_get               0x00027875   Thumb Code    28  boards.o(i.bsp_board_button_state_get)
    bsp_board_init                           0x00027895   Thumb Code    80  boards.o(i.bsp_board_init)
    bsp_board_led_invert                     0x000278e9   Thumb Code    32  boards.o(i.bsp_board_led_invert)
    bsp_board_led_off                        0x0002790d   Thumb Code    10  boards.o(i.bsp_board_led_off)
    bsp_board_led_on                         0x0002791d   Thumb Code    10  boards.o(i.bsp_board_led_on)
    bsp_board_led_state_get                  0x0002792d   Thumb Code    28  boards.o(i.bsp_board_led_state_get)
    bsp_board_leds_off                       0x0002794d   Thumb Code    18  boards.o(i.bsp_board_leds_off)
    bsp_board_leds_on                        0x0002795f   Thumb Code    18  boards.o(i.bsp_board_leds_on)
    bsp_board_pin_to_button_idx              0x00027971   Thumb Code    30  boards.o(i.bsp_board_pin_to_button_idx)
    bsp_btn_ble_init                         0x00027995   Thumb Code    52  bsp_btn_ble.o(i.bsp_btn_ble_init)
    bsp_btn_ble_sleep_mode_prepare           0x000279cd   Thumb Code    30  bsp_btn_ble.o(i.bsp_btn_ble_sleep_mode_prepare)
    bsp_button_is_pressed                    0x00027a7d   Thumb Code    12  bsp.o(i.bsp_button_is_pressed)
    bsp_event_handler                        0x00027a89   Thumb Code    36  main.o(i.bsp_event_handler)
    bsp_event_to_button_action_assign        0x00027ab1   Thumb Code    64  bsp.o(i.bsp_event_to_button_action_assign)
    bsp_indication_set                       0x00027af5   Thumb Code    20  bsp.o(i.bsp_indication_set)
    bsp_init                                 0x00027b0d   Thumb Code   128  bsp.o(i.bsp_init)
    bsp_wakeup_button_enable                 0x00027d69   Thumb Code     6  bsp.o(i.bsp_wakeup_button_enable)
    buffer_is_empty                          0x00027e31   Thumb Code    16  nrf_log_frontend.o(i.buffer_is_empty)
    drv_rtc_compare_disable                  0x00028361   Thumb Code    20  drv_rtc.o(i.drv_rtc_compare_disable)
    drv_rtc_compare_pending                  0x00028375   Thumb Code    14  drv_rtc.o(i.drv_rtc_compare_pending)
    drv_rtc_compare_set                      0x00028383   Thumb Code    80  drv_rtc.o(i.drv_rtc_compare_set)
    drv_rtc_counter_get                      0x000283d3   Thumb Code     8  drv_rtc.o(i.drv_rtc_counter_get)
    drv_rtc_init                             0x000283dd   Thumb Code   144  drv_rtc.o(i.drv_rtc_init)
    drv_rtc_irq_trigger                      0x000284b1   Thumb Code    26  drv_rtc.o(i.drv_rtc_irq_trigger)
    drv_rtc_overflow_enable                  0x000284cb   Thumb Code     8  drv_rtc.o(i.drv_rtc_overflow_enable)
    drv_rtc_overflow_pending                 0x000284d3   Thumb Code     8  drv_rtc.o(i.drv_rtc_overflow_pending)
    drv_rtc_start                            0x000284db   Thumb Code     8  drv_rtc.o(i.drv_rtc_start)
    drv_rtc_stop                             0x000284e3   Thumb Code     8  drv_rtc.o(i.drv_rtc_stop)
    drv_rtc_windowed_compare_set             0x000284eb   Thumb Code   222  drv_rtc.o(i.drv_rtc_windowed_compare_set)
    evt_handle                               0x000285dd   Thumb Code   216  app_button.o(i.evt_handle)
    fputc                                    0x000286f7   Thumb Code    14  retarget.o(i.fputc)
    gatt_evt_handler                         0x00028711   Thumb Code    62  main.o(i.gatt_evt_handler)
    gatt_init                                0x000287a1   Thumb Code    38  main.o(i.gatt_init)
    is_whitelist_used                        0x00028a59   Thumb Code    22  nrf_ble_scan.o(i.is_whitelist_used)
    main                                     0x00028b69   Thumb Code   282  main.o(i.main)
    nrf_atfifo_init                          0x00028db1   Thumb Code    38  nrf_atfifo.o(i.nrf_atfifo_init)
    nrf_atfifo_item_alloc                    0x00028dd7   Thumb Code    22  nrf_atfifo.o(i.nrf_atfifo_item_alloc)
    nrf_atfifo_item_free                     0x00028ded   Thumb Code    22  nrf_atfifo.o(i.nrf_atfifo_item_free)
    nrf_atfifo_item_get                      0x00028e03   Thumb Code    22  nrf_atfifo.o(i.nrf_atfifo_item_get)
    nrf_atfifo_item_put                      0x00028e19   Thumb Code    22  nrf_atfifo.o(i.nrf_atfifo_item_put)
    nrf_atomic_flag_clear_fetch              0x00028e2f   Thumb Code     6  nrf_atomic.o(i.nrf_atomic_flag_clear_fetch)
    nrf_atomic_flag_set                      0x00028e35   Thumb Code     6  nrf_atomic.o(i.nrf_atomic_flag_set)
    nrf_atomic_u32_add                       0x00028e3b   Thumb Code    12  nrf_atomic.o(i.nrf_atomic_u32_add)
    nrf_atomic_u32_fetch_and                 0x00028e47   Thumb Code    10  nrf_atomic.o(i.nrf_atomic_u32_fetch_and)
    nrf_atomic_u32_fetch_store               0x00028e51   Thumb Code    10  nrf_atomic.o(i.nrf_atomic_u32_fetch_store)
    nrf_atomic_u32_or                        0x00028e5b   Thumb Code    12  nrf_atomic.o(i.nrf_atomic_u32_or)
    nrf_atomic_u32_sub                       0x00028e67   Thumb Code    12  nrf_atomic.o(i.nrf_atomic_u32_sub)
    nrf_balloc_alloc                         0x00028e73   Thumb Code    68  nrf_balloc.o(i.nrf_balloc_alloc)
    nrf_balloc_free                          0x00028eb7   Thumb Code    48  nrf_balloc.o(i.nrf_balloc_free)
    nrf_balloc_init                          0x00028ee7   Thumb Code    48  nrf_balloc.o(i.nrf_balloc_init)
    nrf_ble_gatt_att_mtu_central_set         0x00028f3b   Thumb Code    24  nrf_ble_gatt.o(i.nrf_ble_gatt_att_mtu_central_set)
    nrf_ble_gatt_init                        0x00028f53   Thumb Code    34  nrf_ble_gatt.o(i.nrf_ble_gatt_init)
    nrf_ble_gatt_on_ble_evt                  0x00028f75   Thumb Code   270  nrf_ble_gatt.o(i.nrf_ble_gatt_on_ble_evt)
    nrf_ble_gq_conn_handle_register          0x000290c5   Thumb Code   110  nrf_ble_gq.o(i.nrf_ble_gq_conn_handle_register)
    nrf_ble_gq_item_add                      0x00029135   Thumb Code   154  nrf_ble_gq.o(i.nrf_ble_gq_item_add)
    nrf_ble_gq_on_ble_evt                    0x000291d5   Thumb Code    96  nrf_ble_gq.o(i.nrf_ble_gq_on_ble_evt)
    nrf_ble_scan_init                        0x000292b3   Thumb Code   106  nrf_ble_scan.o(i.nrf_ble_scan_init)
    nrf_ble_scan_on_ble_evt                  0x000294c5   Thumb Code   174  nrf_ble_scan.o(i.nrf_ble_scan_on_ble_evt)
    nrf_ble_scan_start                       0x00029575   Thumb Code    92  nrf_ble_scan.o(i.nrf_ble_scan_start)
    nrf_drv_clock_init                       0x0002961d   Thumb Code    48  nrf_drv_clock.o(i.nrf_drv_clock_init)
    nrf_drv_clock_lfclk_release              0x00029655   Thumb Code    42  nrf_drv_clock.o(i.nrf_drv_clock_lfclk_release)
    nrf_drv_uart_init                        0x00029685   Thumb Code    90  nrf_drv_uart.o(i.nrf_drv_uart_init)
    nrf_fprintf                              0x0002972d   Thumb Code    26  nrf_fprintf.o(i.nrf_fprintf)
    nrf_fprintf_buffer_flush                 0x00029747   Thumb Code    24  nrf_fprintf.o(i.nrf_fprintf_buffer_flush)
    nrf_fprintf_fmt                          0x0002975f   Thumb Code   474  nrf_fprintf_format.o(i.nrf_fprintf_fmt)
    nrf_log_backend_add                      0x00029a99   Thumb Code    86  nrf_log_frontend.o(i.nrf_log_backend_add)
    nrf_log_backend_rtt_init                 0x00029af7   Thumb Code     4  nrf_log_backend_rtt.o(i.nrf_log_backend_rtt_init)
    nrf_log_backend_serial_put               0x00029b15   Thumb Code   200  nrf_log_backend_serial.o(i.nrf_log_backend_serial_put)
    nrf_log_color_id_get                     0x00029bdd   Thumb Code    42  nrf_log_frontend.o(i.nrf_log_color_id_get)
    nrf_log_default_backends_init            0x00029c0d   Thumb Code    24  nrf_log_default_backends.o(i.nrf_log_default_backends_init)
    nrf_log_frontend_dequeue                 0x00029c29   Thumb Code   528  nrf_log_frontend.o(i.nrf_log_frontend_dequeue)
    nrf_log_frontend_std_0                   0x00029e5d   Thumb Code     8  nrf_log_frontend.o(i.nrf_log_frontend_std_0)
    nrf_log_frontend_std_1                   0x00029e65   Thumb Code    14  nrf_log_frontend.o(i.nrf_log_frontend_std_1)
    nrf_log_frontend_std_2                   0x00029e73   Thumb Code    16  nrf_log_frontend.o(i.nrf_log_frontend_std_2)
    nrf_log_frontend_std_3                   0x00029e83   Thumb Code    18  nrf_log_frontend.o(i.nrf_log_frontend_std_3)
    nrf_log_frontend_std_6                   0x00029e95   Thumb Code    28  nrf_log_frontend.o(i.nrf_log_frontend_std_6)
    nrf_log_hexdump_entry_process            0x00029eb1   Thumb Code   150  nrf_log_str_formatter.o(i.nrf_log_hexdump_entry_process)
    nrf_log_init                             0x00029f61   Thumb Code    46  nrf_log_frontend.o(i.nrf_log_init)
    nrf_log_module_cnt_get                   0x00029f9d   Thumb Code    10  nrf_log_frontend.o(i.nrf_log_module_cnt_get)
    nrf_log_module_name_get                  0x00029fb1   Thumb Code    24  nrf_log_frontend.o(i.nrf_log_module_name_get)
    nrf_log_panic                            0x00029fcd   Thumb Code    38  nrf_log_frontend.o(i.nrf_log_panic)
    nrf_log_std_entry_process                0x00029ff9   Thumb Code   182  nrf_log_str_formatter.o(i.nrf_log_std_entry_process)
    nrf_memobj_alloc                         0x0002a0af   Thumb Code    96  nrf_memobj.o(i.nrf_memobj_alloc)
    nrf_memobj_free                          0x0002a10f   Thumb Code    50  nrf_memobj.o(i.nrf_memobj_free)
    nrf_memobj_get                           0x0002a141   Thumb Code     8  nrf_memobj.o(i.nrf_memobj_get)
    nrf_memobj_pool_init                     0x0002a149   Thumb Code     4  nrf_memobj.o(i.nrf_memobj_pool_init)
    nrf_memobj_put                           0x0002a14d   Thumb Code    30  nrf_memobj.o(i.nrf_memobj_put)
    nrf_memobj_read                          0x0002a16b   Thumb Code    16  nrf_memobj.o(i.nrf_memobj_read)
    nrf_memobj_write                         0x0002a17b   Thumb Code    16  nrf_memobj.o(i.nrf_memobj_write)
    nrf_pwr_mgmt_init                        0x0002a18d   Thumb Code    28  nrf_pwr_mgmt.o(i.nrf_pwr_mgmt_init)
    nrf_pwr_mgmt_run                         0x0002a1b5   Thumb Code    64  nrf_pwr_mgmt.o(i.nrf_pwr_mgmt_run)
    nrf_pwr_mgmt_shutdown                    0x0002a1f9   Thumb Code    54  nrf_pwr_mgmt.o(i.nrf_pwr_mgmt_shutdown)
    nrf_queue_generic_pop                    0x0002a235   Thumb Code   142  nrf_queue.o(i.nrf_queue_generic_pop)
    nrf_queue_is_empty                       0x0002a2c3   Thumb Code    18  nrf_queue.o(i.nrf_queue_is_empty)
    nrf_queue_is_full                        0x0002a2d5   Thumb Code    30  nrf_queue.o(i.nrf_queue_is_full)
    nrf_queue_push                           0x0002a301   Thumb Code   178  nrf_queue.o(i.nrf_queue_push)
    nrf_ringbuf_init                         0x0002a3b3   Thumb Code    28  nrf_ringbuf.o(i.nrf_ringbuf_init)
    nrf_sdh_ble_app_ram_start_get            0x0002a3dd   Thumb Code    16  nrf_sdh_ble.o(i.nrf_sdh_ble_app_ram_start_get)
    nrf_sdh_ble_default_cfg_set              0x0002a3f1   Thumb Code   272  nrf_sdh_ble.o(i.nrf_sdh_ble_default_cfg_set)
    nrf_sdh_ble_enable                       0x0002a521   Thumb Code   116  nrf_sdh_ble.o(i.nrf_sdh_ble_enable)
    nrf_sdh_enable_request                   0x0002a6b1   Thumb Code   102  nrf_sdh.o(i.nrf_sdh_enable_request)
    nrf_sdh_evts_poll                        0x0002a725   Thumb Code    32  nrf_sdh.o(i.nrf_sdh_evts_poll)
    nrf_sdh_is_enabled                       0x0002a749   Thumb Code     6  nrf_sdh.o(i.nrf_sdh_is_enabled)
    nrf_section_iter_init                    0x0002a791   Thumb Code    10  nrf_section_iter.o(i.nrf_section_iter_init)
    nrf_section_iter_next                    0x0002a7bf   Thumb Code    32  nrf_section_iter.o(i.nrf_section_iter_next)
    nrf_sortlist_add                         0x0002a7df   Thumb Code    34  nrf_sortlist.o(i.nrf_sortlist_add)
    nrf_sortlist_peek                        0x0002a801   Thumb Code     6  nrf_sortlist.o(i.nrf_sortlist_peek)
    nrf_sortlist_pop                         0x0002a807   Thumb Code    14  nrf_sortlist.o(i.nrf_sortlist_pop)
    nrf_sortlist_remove                      0x0002a815   Thumb Code    30  nrf_sortlist.o(i.nrf_sortlist_remove)
    nrf_strerror_find                        0x0002a835   Thumb Code    52  nrf_strerror.o(i.nrf_strerror_find)
    nrf_strerror_get                         0x0002a86d   Thumb Code    14  nrf_strerror.o(i.nrf_strerror_get)
    nrfx_clock_enable                        0x0002a8b9   Thumb Code    34  nrfx_clock.o(i.nrfx_clock_enable)
    nrfx_clock_init                          0x0002a8e5   Thumb Code    26  nrfx_clock.o(i.nrfx_clock_init)
    nrfx_clock_lfclk_stop                    0x0002a905   Thumb Code    20  nrfx_clock.o(i.nrfx_clock_lfclk_stop)
    nrfx_gpiote_in_event_enable              0x0002a931   Thumb Code   156  nrfx_gpiote.o(i.nrfx_gpiote_in_event_enable)
    nrfx_gpiote_in_init                      0x0002a9d5   Thumb Code   194  nrfx_gpiote.o(i.nrfx_gpiote_in_init)
    nrfx_gpiote_in_is_set                    0x0002aaa5   Thumb Code    20  nrfx_gpiote.o(i.nrfx_gpiote_in_is_set)
    nrfx_gpiote_init                         0x0002aab9   Thumb Code    94  nrfx_gpiote.o(i.nrfx_gpiote_init)
    nrfx_gpiote_is_init                      0x0002ab25   Thumb Code    14  nrfx_gpiote.o(i.nrfx_gpiote_is_init)
    nrfx_prs_acquire                         0x0002ab49   Thumb Code    58  nrfx_prs.o(i.nrfx_prs_acquire)
    nrfx_uart_0_irq_handler                  0x0002ab85   Thumb Code     8  nrfx_uart.o(i.nrfx_uart_0_irq_handler)
    nrfx_uart_init                           0x0002ab95   Thumb Code   196  nrfx_uart.o(i.nrfx_uart_init)
    nrfx_uart_rx                             0x0002ac65   Thumb Code   230  nrfx_uart.o(i.nrfx_uart_rx)
    nrfx_uart_tx                             0x0002ad51   Thumb Code   162  nrfx_uart.o(i.nrfx_uart_tx)
    nrfx_uart_tx_in_progress                 0x0002adf9   Thumb Code    26  nrfx_uart.o(i.nrfx_uart_tx_in_progress)
    nrfx_uarte_0_irq_handler                 0x0002ae19   Thumb Code     8  nrfx_uarte.o(i.nrfx_uarte_0_irq_handler)
    nrfx_uarte_init                          0x0002ae29   Thumb Code   100  nrfx_uarte.o(i.nrfx_uarte_init)
    nrfx_uarte_rx                            0x0002ae95   Thumb Code   256  nrfx_uarte.o(i.nrfx_uarte_rx)
    nrfx_uarte_tx                            0x0002af99   Thumb Code   166  nrfx_uarte.o(i.nrfx_uarte_tx)
    nrfx_uarte_tx_in_progress                0x0002b045   Thumb Code    22  nrfx_uarte.o(i.nrfx_uarte_tx_in_progress)
    uart_event_handle                        0x0002bfc1   Thumb Code   106  main.o(i.uart_event_handle)
    nrf_log_backend_rtt_api                  0x0002c7d8   Data          12  nrf_log_backend_rtt.o(.constdata)
    m_ram_start                              0x0002c87c   Data           4  nrf_sdh_ble.o(.constdata)
    __ctype_table                            0x0002c8a8   Data         129  ctype_o.o(.constdata)
    Region$$Table$$Base                      0x0002d200   Number         0  anon$$obj.o(Region$$Table)
    Region$$Table$$Limit                     0x0002d220   Number         0  anon$$obj.o(Region$$Table)
    log_const_data$$Base                     0x0002d230   Number         0  ble_db_discovery.o(log_const_data)
    m_nrf_log_ble_db_disc_logs_data_const    0x0002d230   Data           8  ble_db_discovery.o(log_const_data)
    m_nrf_log_nrf_ble_gatt_logs_data_const   0x0002d238   Data           8  nrf_ble_gatt.o(log_const_data)
    m_nrf_log_nrf_ble_gq_logs_data_const     0x0002d240   Data           8  nrf_ble_gq.o(log_const_data)
    m_nrf_log_ble_scan_logs_data_const       0x0002d248   Data           8  nrf_ble_scan.o(log_const_data)
    m_nrf_log_ble_nus_c_logs_data_const      0x0002d250   Data           8  ble_nus_c.o(log_const_data)
    m_nrf_log_clock_logs_data_const          0x0002d258   Data           8  nrf_drv_clock.o(log_const_data)
    m_nrf_log_CLOCK_logs_data_const          0x0002d260   Data           8  nrfx_clock.o(log_const_data)
    m_nrf_log_GPIOTE_logs_data_const         0x0002d268   Data           8  nrfx_gpiote.o(log_const_data)
    m_nrf_log_PRS_logs_data_const            0x0002d270   Data           8  nrfx_prs.o(log_const_data)
    m_nrf_log_UART_logs_data_const           0x0002d278   Data           8  nrfx_uart.o(log_const_data)
    m_nrf_log_UARTE_logs_data_const          0x0002d280   Data           8  nrfx_uarte.o(log_const_data)
    m_nrf_log_app_button_logs_data_const     0x0002d288   Data           8  app_button.o(log_const_data)
    m_nrf_log_app_timer_logs_data_const      0x0002d290   Data           8  app_timer2.o(log_const_data)
    m_nrf_log_pwr_mgmt_logs_data_const       0x0002d298   Data           8  nrf_pwr_mgmt.o(log_const_data)
    m_nrf_log_sortlist_logs_data_const       0x0002d2a0   Data           8  nrf_sortlist.o(log_const_data)
    m_nrf_log_app_logs_data_const            0x0002d2a8   Data           8  nrf_log_frontend.o(log_const_data)
    m_nrf_log_nrf_sdh_logs_data_const        0x0002d2b0   Data           8  nrf_sdh.o(log_const_data)
    m_nrf_log_nrf_sdh_ble_logs_data_const    0x0002d2b8   Data           8  nrf_sdh_ble.o(log_const_data)
    m_nrf_log_nrf_sdh_soc_logs_data_const    0x0002d2c0   Data           8  nrf_sdh_soc.o(log_const_data)
    log_const_data$$Limit                    0x0002d2c8   Number         0  nrf_sdh_soc.o(log_const_data)
    m_ble_gatt_queuepool                     0x0002d2c8   Data          20  main.o(nrf_balloc)
    log_mempool                              0x0002d2dc   Data          20  nrf_log_frontend.o(nrf_balloc)
    m_ble_gatt_queuepurge_queue              0x0002d2f0   Data          20  main.o(nrf_queue)
    pwr_mgmt_data1$$Base                     0x0002d304   Number         0  main.o(pwr_mgmt_data1)
    pwr_mgmt_data1$$Limit                    0x0002d308   Number         0  main.o(pwr_mgmt_data1)
    sdh_ble_observers1$$Base                 0x0002d308   Number         0  main.o(sdh_ble_observers1)
    sdh_ble_observers1$$Limit                0x0002d330   Number         0  bsp_btn_ble.o(sdh_ble_observers1)
    sdh_ble_observers2$$Base                 0x0002d330   Number         0  main.o(sdh_ble_observers2)
    sdh_ble_observers2$$Limit                0x0002d338   Number         0  main.o(sdh_ble_observers2)
    sdh_ble_observers3$$Base                 0x0002d338   Number         0  main.o(sdh_ble_observers3)
    sdh_ble_observers3$$Limit                0x0002d340   Number         0  main.o(sdh_ble_observers3)
    sdh_soc_observers0$$Base                 0x0002d340   Number         0  nrf_drv_clock.o(sdh_soc_observers0)
    sdh_soc_observers0$$Limit                0x0002d348   Number         0  nrf_drv_clock.o(sdh_soc_observers0)
    sdh_stack_observers0$$Base               0x0002d348   Number         0  nrf_sdh_ble.o(sdh_stack_observers0)
    sdh_stack_observers0$$Limit              0x0002d358   Number         0  nrf_sdh_soc.o(sdh_stack_observers0)
    sdh_state_observers0$$Base               0x0002d358   Number         0  nrf_drv_clock.o(sdh_state_observers0)
    sdh_state_observers0$$Limit              0x0002d360   Number         0  nrf_drv_clock.o(sdh_state_observers0)
    Image$$RW_IRAM1$$Base                    0x20002a28   Number         0  anon$$obj.o ABSOLUTE
    nrf_drv_uart_use_easy_dma                0x20003050   Data           1  nrf_drv_uart.o(.data)
    __stdout                                 0x200030dc   Data           4  retarget.o(.data)
    SystemCoreClock                          0x20003140   Data           4  system_nrf52.o(.data)
    nrf_nvic_state                           0x20003830   Data          12  app_util_platform.o(.bss)
    _SEGGER_RTT                              0x20003e04   Data         120  segger_rtt.o(.bss)
    __initial_sp                             0x20006090   Data           0  arm_startup_nrf52.o(STACK)



==============================================================================

Memory Map of the image

  Image Entry point : 0x00026201

  Load Region LR_IROM1 (Base: 0x00026000, Size: 0x00007a7c, Max: 0x0005a000, ABSOLUTE, COMPRESSED[0x000073c8])

    Execution Region ER_IROM1 (Exec base: 0x00026000, Load base: 0x00026000, Size: 0x00007360, Max: 0x0005a000, ABSOLUTE)

    Exec Addr    Load Addr    Size         Type   Attr      Idx    E Section Name        Object

    0x00026000   0x00026000   0x00000200   Data   RO         5099    RESET               arm_startup_nrf52.o
    0x00026200   0x00026200   0x00000000   Code   RO         5140  * .ARM.Collect$$$$00000000  mc_w.l(entry.o)
    0x00026200   0x00026200   0x00000004   Code   RO         5447    .ARM.Collect$$$$00000001  mc_w.l(entry2.o)
    0x00026204   0x00026204   0x00000004   Code   RO         5450    .ARM.Collect$$$$00000004  mc_w.l(entry5.o)
    0x00026208   0x00026208   0x00000000   Code   RO         5452    .ARM.Collect$$$$00000008  mc_w.l(entry7b.o)
    0x00026208   0x00026208   0x00000000   Code   RO         5454    .ARM.Collect$$$$0000000A  mc_w.l(entry8b.o)
    0x00026208   0x00026208   0x00000008   Code   RO         5455    .ARM.Collect$$$$0000000B  mc_w.l(entry9a.o)
    0x00026210   0x00026210   0x00000000   Code   RO         5457    .ARM.Collect$$$$0000000D  mc_w.l(entry10a.o)
    0x00026210   0x00026210   0x00000000   Code   RO         5459    .ARM.Collect$$$$0000000F  mc_w.l(entry11a.o)
    0x00026210   0x00026210   0x00000004   Code   RO         5448    .ARM.Collect$$$$00002712  mc_w.l(entry2.o)
    0x00026214   0x00026214   0x000000c8   Code   RO         3436    .emb_text           nrf_atfifo.o
    0x000262dc   0x000262dc   0x000000e2   Code   RO         3506    .emb_text           nrf_atomic.o
    0x000263be   0x000263be   0x00000002   PAD
    0x000263c0   0x000263c0   0x00000024   Code   RO         5100    .text               arm_startup_nrf52.o
    0x000263e4   0x000263e4   0x00000062   Code   RO         5143    .text               mc_w.l(uldiv.o)
    0x00026446   0x00026446   0x0000001e   Code   RO         5145    .text               mc_w.l(llshl.o)
    0x00026464   0x00026464   0x00000008   Code   RO         5147    .text               mc_w.l(ctype_o.o)
    0x0002646c   0x0002646c   0x00000024   Code   RO         5175    .text               mc_w.l(memcpya.o)
    0x00026490   0x00026490   0x00000024   Code   RO         5177    .text               mc_w.l(memseta.o)
    0x000264b4   0x000264b4   0x0000000e   Code   RO         5179    .text               mc_w.l(strlen.o)
    0x000264c2   0x000264c2   0x0000001a   Code   RO         5181    .text               mc_w.l(memcmp.o)
    0x000264dc   0x000264dc   0x00000012   Code   RO         5183    .text               mc_w.l(strcpy.o)
    0x000264ee   0x000264ee   0x00000020   Code   RO         5463    .text               mc_w.l(llushr.o)
    0x0002650e   0x0002650e   0x00000002   PAD
    0x00026510   0x00026510   0x00000024   Code   RO         5476    .text               mc_w.l(init.o)
    0x00026534   0x00026534   0x00000056   Code   RO         5490    .text               mc_w.l(__dczerorl2.o)
    0x0002658a   0x0002658a   0x00000002   PAD
    0x0002658c   0x0002658c   0x00000164   Code   RO         1948    i.GPIOTE_IRQHandler  nrfx_gpiote.o
    0x000266f0   0x000266f0   0x00000058   Code   RO         1810    i.POWER_CLOCK_IRQHandler  nrfx_clock.o
    0x00026748   0x00026748   0x00000010   Code   RO         3225    i.RTC1_IRQHandler   drv_rtc.o
    0x00026758   0x00026758   0x00000004   Code   RO         4639    i.SEGGER_RTT_Init   segger_rtt.o
    0x0002675c   0x0002675c   0x0000005c   Code   RO         4653    i.SEGGER_RTT_WriteNoLock  segger_rtt.o
    0x000267b8   0x000267b8   0x00000004   Code   RO         4890    i.SWI2_EGU2_IRQHandler  nrf_sdh.o
    0x000267bc   0x000267bc   0x0000031c   Code   RO         5108    i.SystemInit        system_nrf52.o
    0x00026ad8   0x00026ad8   0x0000000c   Code   RO         2217    i.UARTE0_UART0_IRQHandler  nrfx_prs.o
    0x00026ae4   0x00026ae4   0x00000068   Code   RO         4657    i._DoInit           segger_rtt.o
    0x00026b4c   0x00026b4c   0x00000016   Code   RO         4658    i._GetAvailWriteSpace  segger_rtt.o
    0x00026b62   0x00026b62   0x0000005a   Code   RO         4660    i._WriteBlocking    segger_rtt.o
    0x00026bbc   0x00026bbc   0x00000042   Code   RO         4661    i._WriteNoCheck     segger_rtt.o
    0x00026bfe   0x00026bfe   0x00000002   PAD
    0x00026c00   0x00026c00   0x00000010   Code   RO         5188    i.__0printf$bare    mc_w.l(printfb.o)
    0x00026c10   0x00026c10   0x0000000e   Code   RO         5484    i.__scatterload_copy  mc_w.l(handlers.o)
    0x00026c1e   0x00026c1e   0x00000002   Code   RO         5485    i.__scatterload_null  mc_w.l(handlers.o)
    0x00026c20   0x00026c20   0x0000000e   Code   RO         5486    i.__scatterload_zeroinit  mc_w.l(handlers.o)
    0x00026c2e   0x00026c2e   0x00000002   PAD
    0x00026c30   0x00026c30   0x00000024   Code   RO         4891    i.__sd_nvic_app_accessible_irq  nrf_sdh.o
    0x00026c54   0x00026c54   0x00000022   Code   RO         5195    i._printf_core      mc_w.l(printfb.o)
    0x00026c76   0x00026c76   0x00000036   Code   RO          664    i.advertising_buttons_configure  bsp_btn_ble.o
    0x00026cac   0x00026cac   0x00000006   Code   RO          547    i.alert_timer_handler  bsp.o
    0x00026cb2   0x00026cb2   0x00000002   PAD
    0x00026cb4   0x00026cb4   0x00000024   Code   RO         2620    i.app_button_enable  app_button.o
    0x00026cd8   0x00026cd8   0x00000080   Code   RO         2621    i.app_button_init   app_button.o
    0x00026d58   0x00026d58   0x00000084   Code   RO         2774    i.app_error_fault_handler  app_error_weak.o
    0x00026ddc   0x00026ddc   0x00000016   Code   RO         2718    i.app_error_handler_bare  app_error.o
    0x00026df2   0x00026df2   0x00000016   Code   RO         2809    i.app_fifo_get      app_fifo.o
    0x00026e08   0x00026e08   0x00000020   Code   RO         2810    i.app_fifo_init     app_fifo.o
    0x00026e28   0x00026e28   0x0000001a   Code   RO         2812    i.app_fifo_put      app_fifo.o
    0x00026e42   0x00026e42   0x00000002   PAD
    0x00026e44   0x00026e44   0x0000000c   Code   RO         2933    i.app_timer_cnt_get  app_timer2.o
    0x00026e50   0x00026e50   0x00000016   Code   RO         2934    i.app_timer_create  app_timer2.o
    0x00026e66   0x00026e66   0x00000002   PAD
    0x00026e68   0x00026e68   0x0000005c   Code   RO         2935    i.app_timer_init    app_timer2.o
    0x00026ec4   0x00026ec4   0x00000030   Code   RO         2938    i.app_timer_start   app_timer2.o
    0x00026ef4   0x00026ef4   0x0000000c   Code   RO         2939    i.app_timer_stop    app_timer2.o
    0x00026f00   0x00026f00   0x00000034   Code   RO         3076    i.app_uart_get      app_uart_fifo.o
    0x00026f34   0x00026f34   0x000000a4   Code   RO         3077    i.app_uart_init     app_uart_fifo.o
    0x00026fd8   0x00026fd8   0x00000054   Code   RO         3078    i.app_uart_put      app_uart_fifo.o
    0x0002702c   0x0002702c   0x00000048   Code   RO         3157    i.app_util_critical_region_enter  app_util_platform.o
    0x00027074   0x00027074   0x00000034   Code   RO         3158    i.app_util_critical_region_exit  app_util_platform.o
    0x000270a8   0x000270a8   0x00000088   Code   RO         2271    i.apply_config      nrfx_uart.o
    0x00027130   0x00027130   0x00000088   Code   RO         2459    i.apply_config      nrfx_uarte.o
    0x000271b8   0x000271b8   0x00000040   Code   RO          881    i.ble_db_discovery_evt_register  ble_db_discovery.o
    0x000271f8   0x000271f8   0x00000024   Code   RO          882    i.ble_db_discovery_init  ble_db_discovery.o
    0x0002721c   0x0002721c   0x0000005c   Code   RO          883    i.ble_db_discovery_on_ble_evt  ble_db_discovery.o
    0x00027278   0x00027278   0x00000028   Code   RO          884    i.ble_db_discovery_start  ble_db_discovery.o
    0x000272a0   0x000272a0   0x00000120   Code   RO            5    i.ble_evt_handler   main.o
    0x000273c0   0x000273c0   0x00000070   Code   RO          665    i.ble_evt_handler   bsp_btn_ble.o
    0x00027430   0x00027430   0x000000cc   Code   RO            6    i.ble_nus_c_evt_handler  main.o
    0x000274fc   0x000274fc   0x0000001c   Code   RO         1396    i.ble_nus_c_handles_assign  ble_nus_c.o
    0x00027518   0x00027518   0x00000058   Code   RO         1397    i.ble_nus_c_init    ble_nus_c.o
    0x00027570   0x00027570   0x0000006a   Code   RO         1398    i.ble_nus_c_on_ble_evt  ble_nus_c.o
    0x000275da   0x000275da   0x00000080   Code   RO         1399    i.ble_nus_c_on_db_disc_evt  ble_nus_c.o
    0x0002765a   0x0002765a   0x00000002   PAD
    0x0002765c   0x0002765c   0x000000b8   Code   RO         1400    i.ble_nus_c_string_send  ble_nus_c.o
    0x00027714   0x00027714   0x00000078   Code   RO         1401    i.ble_nus_c_tx_notif_enable  ble_nus_c.o
    0x0002778c   0x0002778c   0x000000dc   Code   RO            7    i.ble_nus_chars_received_uart_print  main.o
    0x00027868   0x00027868   0x0000000c   Code   RO          411    i.bsp_board_button_idx_to_pin  boards.o
    0x00027874   0x00027874   0x00000020   Code   RO          412    i.bsp_board_button_state_get  boards.o
    0x00027894   0x00027894   0x00000054   Code   RO          413    i.bsp_board_init    boards.o
    0x000278e8   0x000278e8   0x00000024   Code   RO          415    i.bsp_board_led_invert  boards.o
    0x0002790c   0x0002790c   0x00000010   Code   RO          416    i.bsp_board_led_off  boards.o
    0x0002791c   0x0002791c   0x00000010   Code   RO          417    i.bsp_board_led_on  boards.o
    0x0002792c   0x0002792c   0x00000020   Code   RO          418    i.bsp_board_led_state_get  boards.o
    0x0002794c   0x0002794c   0x00000012   Code   RO          419    i.bsp_board_leds_off  boards.o
    0x0002795e   0x0002795e   0x00000012   Code   RO          420    i.bsp_board_leds_on  boards.o
    0x00027970   0x00027970   0x00000024   Code   RO          421    i.bsp_board_pin_to_button_idx  boards.o
    0x00027994   0x00027994   0x00000038   Code   RO          666    i.bsp_btn_ble_init  bsp_btn_ble.o
    0x000279cc   0x000279cc   0x0000001e   Code   RO          667    i.bsp_btn_ble_sleep_mode_prepare  bsp_btn_ble.o
    0x000279ea   0x000279ea   0x00000002   PAD
    0x000279ec   0x000279ec   0x00000090   Code   RO          548    i.bsp_button_event_handler  bsp.o
    0x00027a7c   0x00027a7c   0x0000000c   Code   RO          549    i.bsp_button_is_pressed  bsp.o
    0x00027a88   0x00027a88   0x00000028   Code   RO            8    i.bsp_event_handler  main.o
    0x00027ab0   0x00027ab0   0x00000044   Code   RO          552    i.bsp_event_to_button_action_assign  bsp.o
    0x00027af4   0x00027af4   0x00000018   Code   RO          553    i.bsp_indication_set  bsp.o
    0x00027b0c   0x00027b0c   0x00000094   Code   RO          554    i.bsp_init          bsp.o
    0x00027ba0   0x00027ba0   0x000001c8   Code   RO          555    i.bsp_led_indication  bsp.o
    0x00027d68   0x00027d68   0x00000006   Code   RO          557    i.bsp_wakeup_button_enable  bsp.o
    0x00027d6e   0x00027d6e   0x00000002   PAD
    0x00027d70   0x00027d70   0x00000090   Code   RO         4394    i.buf_prealloc      nrf_log_frontend.o
    0x00027e00   0x00027e00   0x0000002e   Code   RO         3721    i.buffer_add        nrf_fprintf_format.o
    0x00027e2e   0x00027e2e   0x00000002   PAD
    0x00027e30   0x00027e30   0x00000014   Code   RO         4395    i.buffer_is_empty   nrf_log_frontend.o
    0x00027e44   0x00027e44   0x00000028   Code   RO         2623    i.button_get        app_button.o
    0x00027e6c   0x00027e6c   0x00000008   Code   RO          558    i.button_timer_handler  bsp.o
    0x00027e74   0x00027e74   0x0000001c   Code   RO         1949    i.channel_free      nrfx_gpiote.o
    0x00027e90   0x00027e90   0x00000048   Code   RO         1950    i.channel_port_alloc  nrfx_gpiote.o
    0x00027ed8   0x00027ed8   0x00000010   Code   RO         1951    i.channel_port_get  nrfx_gpiote.o
    0x00027ee8   0x00027ee8   0x0000006c   Code   RO          885    i.characteristics_discover  ble_db_discovery.o
    0x00027f54   0x00027f54   0x00000028   Code   RO         1470    i.clock_clk_started_notify  nrf_drv_clock.o
    0x00027f7c   0x00027f7c   0x0000001c   Code   RO         1471    i.clock_irq_handler  nrf_drv_clock.o
    0x00027f98   0x00027f98   0x00000018   Code   RO         2941    i.compare_func      app_timer2.o
    0x00027fb0   0x00027fb0   0x0000001e   Code   RO         1186    i.conn_handle_id_find  nrf_ble_gq.o
    0x00027fce   0x00027fce   0x00000002   PAD
    0x00027fd0   0x00027fd0   0x000000c0   Code   RO         1084    i.data_length_update  nrf_ble_gatt.o
    0x00028090   0x00028090   0x0000000c   Code   RO            9    i.db_disc_handler   main.o
    0x0002809c   0x0002809c   0x000000b8   Code   RO          886    i.descriptors_discover  ble_db_discovery.o
    0x00028154   0x00028154   0x00000048   Code   RO         2624    i.detection_delay_timeout_handler  app_button.o
    0x0002819c   0x0002819c   0x00000030   Code   RO          887    i.discovery_available_evt_trigger  ble_db_discovery.o
    0x000281cc   0x000281cc   0x000000b4   Code   RO          888    i.discovery_complete_evt_trigger  ble_db_discovery.o
    0x00028280   0x00028280   0x00000050   Code   RO          889    i.discovery_error_handler  ble_db_discovery.o
    0x000282d0   0x000282d0   0x0000007c   Code   RO          890    i.discovery_start   ble_db_discovery.o
    0x0002834c   0x0002834c   0x00000014   Code   RO         4396    i.dropped_sat16_get  nrf_log_frontend.o
    0x00028360   0x00028360   0x00000014   Code   RO         3226    i.drv_rtc_compare_disable  drv_rtc.o
    0x00028374   0x00028374   0x0000000e   Code   RO         3228    i.drv_rtc_compare_pending  drv_rtc.o
    0x00028382   0x00028382   0x00000050   Code   RO         3229    i.drv_rtc_compare_set  drv_rtc.o
    0x000283d2   0x000283d2   0x00000008   Code   RO         3230    i.drv_rtc_counter_get  drv_rtc.o
    0x000283da   0x000283da   0x00000002   PAD
    0x000283dc   0x000283dc   0x000000d4   Code   RO         3231    i.drv_rtc_init      drv_rtc.o
    0x000284b0   0x000284b0   0x0000001a   Code   RO         3232    i.drv_rtc_irq_trigger  drv_rtc.o
    0x000284ca   0x000284ca   0x00000008   Code   RO         3234    i.drv_rtc_overflow_enable  drv_rtc.o
    0x000284d2   0x000284d2   0x00000008   Code   RO         3235    i.drv_rtc_overflow_pending  drv_rtc.o
    0x000284da   0x000284da   0x00000008   Code   RO         3236    i.drv_rtc_start     drv_rtc.o
    0x000284e2   0x000284e2   0x00000008   Code   RO         3237    i.drv_rtc_stop      drv_rtc.o
    0x000284ea   0x000284ea   0x000000de   Code   RO         3242    i.drv_rtc_windowed_compare_set  drv_rtc.o
    0x000285c8   0x000285c8   0x00000012   Code   RO         3243    i.evt_enable        drv_rtc.o
    0x000285da   0x000285da   0x00000002   PAD
    0x000285dc   0x000285dc   0x000000e0   Code   RO         2625    i.evt_handle        app_button.o
    0x000286bc   0x000286bc   0x00000014   Code   RO         3244    i.evt_pending       drv_rtc.o
    0x000286d0   0x000286d0   0x00000014   Code   RO         2815    i.fifo_get          app_fifo.o
    0x000286e4   0x000286e4   0x00000012   Code   RO         2816    i.fifo_put          app_fifo.o
    0x000286f6   0x000286f6   0x0000000e   Code   RO         4218    i.fputc             retarget.o
    0x00028704   0x00028704   0x0000000a   Code   RO         1402    i.gatt_error_handler  ble_nus_c.o
    0x0002870e   0x0002870e   0x00000002   PAD
    0x00028710   0x00028710   0x00000090   Code   RO           10    i.gatt_evt_handler  main.o
    0x000287a0   0x000287a0   0x00000030   Code   RO           11    i.gatt_init         main.o
    0x000287d0   0x000287d0   0x0000002c   Code   RO         1187    i.gattc_write_alloc  nrf_ble_gq.o
    0x000287fc   0x000287fc   0x0000003e   Code   RO         1188    i.gatts_hvx_alloc   nrf_ble_gq.o
    0x0002883a   0x0002883a   0x00000002   PAD
    0x0002883c   0x0002883c   0x00000034   Code   RO         2942    i.get_now           app_timer2.o
    0x00028870   0x00028870   0x0000003c   Code   RO         2626    i.gpiote_event_handler  app_button.o
    0x000288ac   0x000288ac   0x000000a6   Code   RO         3722    i.int_print         nrf_fprintf_format.o
    0x00028952   0x00028952   0x00000002   PAD
    0x00028954   0x00028954   0x00000084   Code   RO         2460    i.interrupts_enable  nrfx_uarte.o
    0x000289d8   0x000289d8   0x00000034   Code   RO         4397    i.invalid_packets_omit  nrf_log_frontend.o
    0x00028a0c   0x00028a0c   0x0000004c   Code   RO          891    i.is_desc_discovery_reqd  ble_db_discovery.o
    0x00028a58   0x00028a58   0x00000016   Code   RO         1267    i.is_whitelist_used  nrf_ble_scan.o
    0x00028a6e   0x00028a6e   0x00000002   PAD
    0x00028a70   0x00028a70   0x00000030   Code   RO          559    i.leds_off          bsp.o
    0x00028aa0   0x00028aa0   0x00000014   Code   RO          560    i.leds_timer_handler  bsp.o
    0x00028ab4   0x00028ab4   0x00000018   Code   RO         1085    i.link_init         nrf_ble_gatt.o
    0x00028acc   0x00028acc   0x0000009c   Code   RO         4398    i.log_skip          nrf_log_frontend.o
    0x00028b68   0x00028b68   0x00000198   Code   RO           12    i.main              main.o
    0x00028d00   0x00028d00   0x0000007e   Code   RO         3761    i.memobj_op         nrf_memobj.o
    0x00028d7e   0x00028d7e   0x00000002   PAD
    0x00028d80   0x00028d80   0x00000030   Code   RO         4399    i.module_idx_get    nrf_log_frontend.o
    0x00028db0   0x00028db0   0x00000026   Code   RO         3440    i.nrf_atfifo_init   nrf_atfifo.o
    0x00028dd6   0x00028dd6   0x00000016   Code   RO         3441    i.nrf_atfifo_item_alloc  nrf_atfifo.o
    0x00028dec   0x00028dec   0x00000016   Code   RO         3442    i.nrf_atfifo_item_free  nrf_atfifo.o
    0x00028e02   0x00028e02   0x00000016   Code   RO         3443    i.nrf_atfifo_item_get  nrf_atfifo.o
    0x00028e18   0x00028e18   0x00000016   Code   RO         3444    i.nrf_atfifo_item_put  nrf_atfifo.o
    0x00028e2e   0x00028e2e   0x00000006   Code   RO         3508    i.nrf_atomic_flag_clear_fetch  nrf_atomic.o
    0x00028e34   0x00028e34   0x00000006   Code   RO         3509    i.nrf_atomic_flag_set  nrf_atomic.o
    0x00028e3a   0x00028e3a   0x0000000c   Code   RO         3511    i.nrf_atomic_u32_add  nrf_atomic.o
    0x00028e46   0x00028e46   0x0000000a   Code   RO         3515    i.nrf_atomic_u32_fetch_and  nrf_atomic.o
    0x00028e50   0x00028e50   0x0000000a   Code   RO         3517    i.nrf_atomic_u32_fetch_store  nrf_atomic.o
    0x00028e5a   0x00028e5a   0x0000000c   Code   RO         3521    i.nrf_atomic_u32_or  nrf_atomic.o
    0x00028e66   0x00028e66   0x0000000c   Code   RO         3523    i.nrf_atomic_u32_sub  nrf_atomic.o
    0x00028e72   0x00028e72   0x00000044   Code   RO         3645    i.nrf_balloc_alloc  nrf_balloc.o
    0x00028eb6   0x00028eb6   0x00000030   Code   RO         3646    i.nrf_balloc_free   nrf_balloc.o
    0x00028ee6   0x00028ee6   0x00000030   Code   RO         3647    i.nrf_balloc_init   nrf_balloc.o
    0x00028f16   0x00028f16   0x00000010   Code   RO         1952    i.nrf_bitmask_bit_is_set  nrfx_gpiote.o
    0x00028f26   0x00028f26   0x00000014   Code   RO         1953    i.nrf_bitmask_bit_set  nrfx_gpiote.o
    0x00028f3a   0x00028f3a   0x00000018   Code   RO         1086    i.nrf_ble_gatt_att_mtu_central_set  nrf_ble_gatt.o
    0x00028f52   0x00028f52   0x00000022   Code   RO         1091    i.nrf_ble_gatt_init  nrf_ble_gatt.o
    0x00028f74   0x00028f74   0x00000150   Code   RO         1092    i.nrf_ble_gatt_on_ble_evt  nrf_ble_gatt.o
    0x000290c4   0x000290c4   0x0000006e   Code   RO         1189    i.nrf_ble_gq_conn_handle_register  nrf_ble_gq.o
    0x00029132   0x00029132   0x00000002   PAD
    0x00029134   0x00029134   0x000000a0   Code   RO         1190    i.nrf_ble_gq_item_add  nrf_ble_gq.o
    0x000291d4   0x000291d4   0x00000060   Code   RO         1191    i.nrf_ble_gq_on_ble_evt  nrf_ble_gq.o
    0x00029234   0x00029234   0x0000004c   Code   RO         1271    i.nrf_ble_scan_connect_with_target  nrf_ble_scan.o
    0x00029280   0x00029280   0x00000014   Code   RO         1273    i.nrf_ble_scan_default_conn_param_set  nrf_ble_scan.o
    0x00029294   0x00029294   0x0000001e   Code   RO         1274    i.nrf_ble_scan_default_param_set  nrf_ble_scan.o
    0x000292b2   0x000292b2   0x0000006a   Code   RO         1279    i.nrf_ble_scan_init  nrf_ble_scan.o
    0x0002931c   0x0002931c   0x000001a8   Code   RO         1280    i.nrf_ble_scan_on_adv_report  nrf_ble_scan.o
    0x000294c4   0x000294c4   0x000000ae   Code   RO         1281    i.nrf_ble_scan_on_ble_evt  nrf_ble_scan.o
    0x00029572   0x00029572   0x00000002   PAD
    0x00029574   0x00029574   0x00000088   Code   RO         1283    i.nrf_ble_scan_start  nrf_ble_scan.o
    0x000295fc   0x000295fc   0x0000000e   Code   RO         1811    i.nrf_clock_event_check  nrfx_clock.o
    0x0002960a   0x0002960a   0x00000010   Code   RO         1812    i.nrf_clock_event_clear  nrfx_clock.o
    0x0002961a   0x0002961a   0x00000002   PAD
    0x0002961c   0x0002961c   0x00000038   Code   RO         1478    i.nrf_drv_clock_init  nrf_drv_clock.o
    0x00029654   0x00029654   0x00000030   Code   RO         1482    i.nrf_drv_clock_lfclk_release  nrf_drv_clock.o
    0x00029684   0x00029684   0x00000068   Code   RO         1619    i.nrf_drv_uart_init  nrf_drv_uart.o
    0x000296ec   0x000296ec   0x00000020   Code   RO         3079    i.nrf_drv_uart_rx   app_uart_fifo.o
    0x0002970c   0x0002970c   0x00000020   Code   RO         3080    i.nrf_drv_uart_tx   app_uart_fifo.o
    0x0002972c   0x0002972c   0x0000001a   Code   RO         3682    i.nrf_fprintf       nrf_fprintf.o
    0x00029746   0x00029746   0x00000018   Code   RO         3683    i.nrf_fprintf_buffer_flush  nrf_fprintf.o
    0x0002975e   0x0002975e   0x000001da   Code   RO         3723    i.nrf_fprintf_fmt   nrf_fprintf_format.o
    0x00029938   0x00029938   0x00000024   Code   RO          423    i.nrf_gpio_cfg      boards.o
    0x0002995c   0x0002995c   0x00000024   Code   RO         1954    i.nrf_gpio_cfg      nrfx_gpiote.o
    0x00029980   0x00029980   0x00000024   Code   RO         2272    i.nrf_gpio_cfg      nrfx_uart.o
    0x000299a4   0x000299a4   0x00000024   Code   RO         2461    i.nrf_gpio_cfg      nrfx_uarte.o
    0x000299c8   0x000299c8   0x00000012   Code   RO         2274    i.nrf_gpio_cfg_input  nrfx_uart.o
    0x000299da   0x000299da   0x00000012   Code   RO         2463    i.nrf_gpio_cfg_input  nrfx_uarte.o
    0x000299ec   0x000299ec   0x00000014   Code   RO         2275    i.nrf_gpio_cfg_output  nrfx_uart.o
    0x00029a00   0x00029a00   0x00000014   Code   RO         2464    i.nrf_gpio_cfg_output  nrfx_uarte.o
    0x00029a14   0x00029a14   0x00000022   Code   RO         1956    i.nrf_gpio_cfg_sense_set  nrfx_gpiote.o
    0x00029a36   0x00029a36   0x00000016   Code   RO          424    i.nrf_gpio_pin_write  boards.o
    0x00029a4c   0x00029a4c   0x00000028   Code   RO         1957    i.nrf_gpio_ports_read  nrfx_gpiote.o
    0x00029a74   0x00029a74   0x00000014   Code   RO         1958    i.nrf_gpiote_event_clear  nrfx_gpiote.o
    0x00029a88   0x00029a88   0x00000010   Code   RO         1959    i.nrf_gpiote_event_is_set  nrfx_gpiote.o
    0x00029a98   0x00029a98   0x0000005c   Code   RO         4400    i.nrf_log_backend_add  nrf_log_frontend.o
    0x00029af4   0x00029af4   0x00000002   Code   RO         4255    i.nrf_log_backend_rtt_flush  nrf_log_backend_rtt.o
    0x00029af6   0x00029af6   0x00000004   Code   RO         4256    i.nrf_log_backend_rtt_init  nrf_log_backend_rtt.o
    0x00029afa   0x00029afa   0x00000002   Code   RO         4257    i.nrf_log_backend_rtt_panic_set  nrf_log_backend_rtt.o
    0x00029afc   0x00029afc   0x00000018   Code   RO         4258    i.nrf_log_backend_rtt_put  nrf_log_backend_rtt.o
    0x00029b14   0x00029b14   0x000000c8   Code   RO         4324    i.nrf_log_backend_serial_put  nrf_log_backend_serial.o
    0x00029bdc   0x00029bdc   0x00000030   Code   RO         4402    i.nrf_log_color_id_get  nrf_log_frontend.o
    0x00029c0c   0x00029c0c   0x0000001c   Code   RO         4358    i.nrf_log_default_backends_init  nrf_log_default_backends.o
    0x00029c28   0x00029c28   0x00000234   Code   RO         4403    i.nrf_log_frontend_dequeue  nrf_log_frontend.o
    0x00029e5c   0x00029e5c   0x00000008   Code   RO         4405    i.nrf_log_frontend_std_0  nrf_log_frontend.o
    0x00029e64   0x00029e64   0x0000000e   Code   RO         4406    i.nrf_log_frontend_std_1  nrf_log_frontend.o
    0x00029e72   0x00029e72   0x00000010   Code   RO         4407    i.nrf_log_frontend_std_2  nrf_log_frontend.o
    0x00029e82   0x00029e82   0x00000012   Code   RO         4408    i.nrf_log_frontend_std_3  nrf_log_frontend.o
    0x00029e94   0x00029e94   0x0000001c   Code   RO         4411    i.nrf_log_frontend_std_6  nrf_log_frontend.o
    0x00029eb0   0x00029eb0   0x000000b0   Code   RO         4580    i.nrf_log_hexdump_entry_process  nrf_log_str_formatter.o
    0x00029f60   0x00029f60   0x0000003c   Code   RO         4412    i.nrf_log_init      nrf_log_frontend.o
    0x00029f9c   0x00029f9c   0x00000014   Code   RO         4413    i.nrf_log_module_cnt_get  nrf_log_frontend.o
    0x00029fb0   0x00029fb0   0x0000001c   Code   RO         4416    i.nrf_log_module_name_get  nrf_log_frontend.o
    0x00029fcc   0x00029fcc   0x0000002c   Code   RO         4417    i.nrf_log_panic     nrf_log_frontend.o
    0x00029ff8   0x00029ff8   0x000000b6   Code   RO         4581    i.nrf_log_std_entry_process  nrf_log_str_formatter.o
    0x0002a0ae   0x0002a0ae   0x00000060   Code   RO         3762    i.nrf_memobj_alloc  nrf_memobj.o
    0x0002a10e   0x0002a10e   0x00000032   Code   RO         3763    i.nrf_memobj_free   nrf_memobj.o
    0x0002a140   0x0002a140   0x00000008   Code   RO         3764    i.nrf_memobj_get    nrf_memobj.o
    0x0002a148   0x0002a148   0x00000004   Code   RO         3765    i.nrf_memobj_pool_init  nrf_memobj.o
    0x0002a14c   0x0002a14c   0x0000001e   Code   RO         3766    i.nrf_memobj_put    nrf_memobj.o
    0x0002a16a   0x0002a16a   0x00000010   Code   RO         3767    i.nrf_memobj_read   nrf_memobj.o
    0x0002a17a   0x0002a17a   0x00000010   Code   RO         3768    i.nrf_memobj_write  nrf_memobj.o
    0x0002a18a   0x0002a18a   0x00000002   PAD
    0x0002a18c   0x0002a18c   0x00000028   Code   RO         3840    i.nrf_pwr_mgmt_init  nrf_pwr_mgmt.o
    0x0002a1b4   0x0002a1b4   0x00000044   Code   RO         3841    i.nrf_pwr_mgmt_run  nrf_pwr_mgmt.o
    0x0002a1f8   0x0002a1f8   0x0000003c   Code   RO         3842    i.nrf_pwr_mgmt_shutdown  nrf_pwr_mgmt.o
    0x0002a234   0x0002a234   0x0000008e   Code   RO         3914    i.nrf_queue_generic_pop  nrf_queue.o
    0x0002a2c2   0x0002a2c2   0x00000012   Code   RO         3916    i.nrf_queue_is_empty  nrf_queue.o
    0x0002a2d4   0x0002a2d4   0x0000001e   Code   RO         3917    i.nrf_queue_is_full  nrf_queue.o
    0x0002a2f2   0x0002a2f2   0x0000000e   Code   RO         3920    i.nrf_queue_next_idx  nrf_queue.o
    0x0002a300   0x0002a300   0x000000b2   Code   RO         3922    i.nrf_queue_push    nrf_queue.o
    0x0002a3b2   0x0002a3b2   0x0000001c   Code   RO         4035    i.nrf_ringbuf_init  nrf_ringbuf.o
    0x0002a3ce   0x0002a3ce   0x0000000c   Code   RO         3245    i.nrf_rtc_event_clear  drv_rtc.o
    0x0002a3da   0x0002a3da   0x00000002   PAD
    0x0002a3dc   0x0002a3dc   0x00000014   Code   RO         5011    i.nrf_sdh_ble_app_ram_start_get  nrf_sdh_ble.o
    0x0002a3f0   0x0002a3f0   0x00000130   Code   RO         5012    i.nrf_sdh_ble_default_cfg_set  nrf_sdh_ble.o
    0x0002a520   0x0002a520   0x00000130   Code   RO         5013    i.nrf_sdh_ble_enable  nrf_sdh_ble.o
    0x0002a650   0x0002a650   0x00000060   Code   RO         5014    i.nrf_sdh_ble_evts_poll  nrf_sdh_ble.o
    0x0002a6b0   0x0002a6b0   0x00000074   Code   RO         4893    i.nrf_sdh_enable_request  nrf_sdh.o
    0x0002a724   0x0002a724   0x00000024   Code   RO         4894    i.nrf_sdh_evts_poll  nrf_sdh.o
    0x0002a748   0x0002a748   0x0000000c   Code   RO         4895    i.nrf_sdh_is_enabled  nrf_sdh.o
    0x0002a754   0x0002a754   0x0000003c   Code   RO         5065    i.nrf_sdh_soc_evts_poll  nrf_sdh_soc.o
    0x0002a790   0x0002a790   0x0000000a   Code   RO         4093    i.nrf_section_iter_init  nrf_section_iter.o
    0x0002a79a   0x0002a79a   0x00000024   Code   RO         4094    i.nrf_section_iter_item_set  nrf_section_iter.o
    0x0002a7be   0x0002a7be   0x00000020   Code   RO         4095    i.nrf_section_iter_next  nrf_section_iter.o
    0x0002a7de   0x0002a7de   0x00000022   Code   RO         4128    i.nrf_sortlist_add  nrf_sortlist.o
    0x0002a800   0x0002a800   0x00000006   Code   RO         4130    i.nrf_sortlist_peek  nrf_sortlist.o
    0x0002a806   0x0002a806   0x0000000e   Code   RO         4131    i.nrf_sortlist_pop  nrf_sortlist.o
    0x0002a814   0x0002a814   0x0000001e   Code   RO         4132    i.nrf_sortlist_remove  nrf_sortlist.o
    0x0002a832   0x0002a832   0x00000002   PAD
    0x0002a834   0x0002a834   0x00000038   Code   RO         4184    i.nrf_strerror_find  nrf_strerror.o
    0x0002a86c   0x0002a86c   0x00000014   Code   RO         4185    i.nrf_strerror_get  nrf_strerror.o
    0x0002a880   0x0002a880   0x0000000a   Code   RO         2276    i.nrf_uart_event_check  nrfx_uart.o
    0x0002a88a   0x0002a88a   0x0000000c   Code   RO         2277    i.nrf_uart_event_clear  nrfx_uart.o
    0x0002a896   0x0002a896   0x0000000c   Code   RO         2278    i.nrf_uart_int_enable_check  nrfx_uart.o
    0x0002a8a2   0x0002a8a2   0x0000000a   Code   RO         2465    i.nrf_uarte_event_check  nrfx_uarte.o
    0x0002a8ac   0x0002a8ac   0x0000000c   Code   RO         2466    i.nrf_uarte_event_clear  nrfx_uarte.o
    0x0002a8b8   0x0002a8b8   0x0000002c   Code   RO         1817    i.nrfx_clock_enable  nrfx_clock.o
    0x0002a8e4   0x0002a8e4   0x00000020   Code   RO         1820    i.nrfx_clock_init   nrfx_clock.o
    0x0002a904   0x0002a904   0x0000001c   Code   RO         1823    i.nrfx_clock_lfclk_stop  nrfx_clock.o
    0x0002a920   0x0002a920   0x00000010   Code   RO         3246    i.nrfx_coredep_delay_us  drv_rtc.o
    0x0002a930   0x0002a930   0x000000a4   Code   RO         1964    i.nrfx_gpiote_in_event_enable  nrfx_gpiote.o
    0x0002a9d4   0x0002a9d4   0x000000d0   Code   RO         1965    i.nrfx_gpiote_in_init  nrfx_gpiote.o
    0x0002aaa4   0x0002aaa4   0x00000014   Code   RO         1966    i.nrfx_gpiote_in_is_set  nrfx_gpiote.o
    0x0002aab8   0x0002aab8   0x0000006c   Code   RO         1968    i.nrfx_gpiote_init  nrfx_gpiote.o
    0x0002ab24   0x0002ab24   0x00000014   Code   RO         1969    i.nrfx_gpiote_is_init  nrfx_gpiote.o
    0x0002ab38   0x0002ab38   0x00000010   Code   RO         2467    i.nrfx_is_in_ram    nrfx_uarte.o
    0x0002ab48   0x0002ab48   0x0000003a   Code   RO         2218    i.nrfx_prs_acquire  nrfx_prs.o
    0x0002ab82   0x0002ab82   0x00000002   PAD
    0x0002ab84   0x0002ab84   0x00000010   Code   RO         2279    i.nrfx_uart_0_irq_handler  nrfx_uart.o
    0x0002ab94   0x0002ab94   0x000000d0   Code   RO         2281    i.nrfx_uart_init    nrfx_uart.o
    0x0002ac64   0x0002ac64   0x000000ec   Code   RO         2282    i.nrfx_uart_rx      nrfx_uart.o
    0x0002ad50   0x0002ad50   0x000000a8   Code   RO         2287    i.nrfx_uart_tx      nrfx_uart.o
    0x0002adf8   0x0002adf8   0x00000020   Code   RO         2289    i.nrfx_uart_tx_in_progress  nrfx_uart.o
    0x0002ae18   0x0002ae18   0x00000010   Code   RO         2468    i.nrfx_uarte_0_irq_handler  nrfx_uarte.o
    0x0002ae28   0x0002ae28   0x0000006c   Code   RO         2470    i.nrfx_uarte_init   nrfx_uarte.o
    0x0002ae94   0x0002ae94   0x00000104   Code   RO         2471    i.nrfx_uarte_rx     nrfx_uarte.o
    0x0002af98   0x0002af98   0x000000ac   Code   RO         2474    i.nrfx_uarte_tx     nrfx_uarte.o
    0x0002b044   0x0002b044   0x0000001c   Code   RO         2476    i.nrfx_uarte_tx_in_progress  nrfx_uarte.o
    0x0002b060   0x0002b060   0x00000004   Code   RO           13    i.nus_error_handler  main.o
    0x0002b064   0x0002b064   0x00000138   Code   RO          892    i.on_characteristic_discovery_rsp  ble_db_discovery.o
    0x0002b19c   0x0002b19c   0x000000a8   Code   RO         1093    i.on_connected_evt  nrf_ble_gatt.o
    0x0002b244   0x0002b244   0x000000da   Code   RO          893    i.on_descriptor_discovery_rsp  ble_db_discovery.o
    0x0002b31e   0x0002b31e   0x00000002   PAD
    0x0002b320   0x0002b320   0x000000ac   Code   RO         1094    i.on_exchange_mtu_request_evt  nrf_ble_gatt.o
    0x0002b3cc   0x0002b3cc   0x000000c0   Code   RO          894    i.on_primary_srv_discovery_rsp  ble_db_discovery.o
    0x0002b48c   0x0002b48c   0x0000009c   Code   RO          895    i.on_srv_disc_completion  ble_db_discovery.o
    0x0002b528   0x0002b528   0x00000018   Code   RO         1985    i.pin_in_use_by_port  nrfx_gpiote.o
    0x0002b540   0x0002b540   0x00000018   Code   RO         1986    i.pin_in_use_by_te  nrfx_gpiote.o
    0x0002b558   0x0002b558   0x0000003c   Code   RO         4583    i.postfix_process   nrf_log_str_formatter.o
    0x0002b594   0x0002b594   0x00000098   Code   RO         4584    i.prefix_process    nrf_log_str_formatter.o
    0x0002b62c   0x0002b62c   0x00000018   Code   RO         2220    i.prs_box_get       nrfx_prs.o
    0x0002b644   0x0002b644   0x00000118   Code   RO         1192    i.queue_process     nrf_ble_gq.o
    0x0002b75c   0x0002b75c   0x00000018   Code   RO         3928    i.queue_utilization_get  nrf_queue.o
    0x0002b774   0x0002b774   0x00000058   Code   RO         1193    i.queues_purge      nrf_ble_gq.o
    0x0002b7cc   0x0002b7cc   0x00000038   Code   RO          896    i.registered_handler_get  ble_db_discovery.o
    0x0002b804   0x0002b804   0x00000048   Code   RO         1194    i.request_err_code_handle  nrf_ble_gq.o
    0x0002b84c   0x0002b84c   0x000000b4   Code   RO         1195    i.request_process   nrf_ble_gq.o
    0x0002b900   0x0002b900   0x0000005c   Code   RO         2943    i.rtc_irq           app_timer2.o
    0x0002b95c   0x0002b95c   0x00000064   Code   RO         2944    i.rtc_schedule      app_timer2.o
    0x0002b9c0   0x0002b9c0   0x00000074   Code   RO         2945    i.rtc_update        app_timer2.o
    0x0002ba34   0x0002ba34   0x00000032   Code   RO         2291    i.rx_byte           nrfx_uart.o
    0x0002ba66   0x0002ba66   0x00000016   Code   RO         2292    i.rx_done_event     nrfx_uart.o
    0x0002ba7c   0x0002ba7c   0x00000016   Code   RO         2478    i.rx_done_event     nrfx_uarte.o
    0x0002ba92   0x0002ba92   0x00000020   Code   RO         2293    i.rx_enable         nrfx_uart.o
    0x0002bab2   0x0002bab2   0x00000002   PAD
    0x0002bab4   0x0002bab4   0x000000a0   Code   RO           14    i.scan_evt_handler  main.o
    0x0002bb54   0x0002bb54   0x00000028   Code   RO           15    i.scan_start        main.o
    0x0002bb7c   0x0002bb7c   0x00000050   Code   RO         1485    i.sd_state_evt_handler  nrf_drv_clock.o
    0x0002bbcc   0x0002bbcc   0x00000030   Code   RO         4900    i.sdh_request_observer_notify  nrf_sdh.o
    0x0002bbfc   0x0002bbfc   0x0000002c   Code   RO         4901    i.sdh_state_observer_notify  nrf_sdh.o
    0x0002bc28   0x0002bc28   0x00000050   Code   RO         4259    i.serial_tx         nrf_log_backend_rtt.o
    0x0002bc78   0x0002bc78   0x00000020   Code   RO           16    i.shutdown_handler  main.o
    0x0002bc98   0x0002bc98   0x0000007c   Code   RO         3843    i.shutdown_process  nrf_pwr_mgmt.o
    0x0002bd14   0x0002bd14   0x00000018   Code   RO         1486    i.soc_evt_handler   nrf_drv_clock.o
    0x0002bd2c   0x0002bd2c   0x00000058   Code   RO         4903    i.softdevices_evt_irq_enable  nrf_sdh.o
    0x0002bd84   0x0002bd84   0x0000000c   Code   RO         2946    i.sortlist_pop      app_timer2.o
    0x0002bd90   0x0002bd90   0x00000030   Code   RO         2627    i.state_set         app_button.o
    0x0002bdc0   0x0002bdc0   0x0000008c   Code   RO         4419    i.std_n             nrf_log_frontend.o
    0x0002be4c   0x0002be4c   0x00000058   Code   RO         2947    i.timer_expire      app_timer2.o
    0x0002bea4   0x0002bea4   0x00000078   Code   RO         2948    i.timer_req_process  app_timer2.o
    0x0002bf1c   0x0002bf1c   0x00000038   Code   RO         2949    i.timer_req_schedule  app_timer2.o
    0x0002bf54   0x0002bf54   0x00000018   Code   RO         2628    i.timer_start       app_button.o
    0x0002bf6c   0x0002bf6c   0x00000020   Code   RO         2294    i.tx_byte           nrfx_uart.o
    0x0002bf8c   0x0002bf8c   0x0000001a   Code   RO         2295    i.tx_done_event     nrfx_uart.o
    0x0002bfa6   0x0002bfa6   0x0000001a   Code   RO         2479    i.tx_done_event     nrfx_uarte.o
    0x0002bfc0   0x0002bfc0   0x000000dc   Code   RO           17    i.uart_event_handle  main.o
    0x0002c09c   0x0002c09c   0x000000a4   Code   RO         3081    i.uart_event_handler  app_uart_fifo.o
    0x0002c140   0x0002c140   0x00000030   Code   RO         1620    i.uart_evt_handler  nrf_drv_uart.o
    0x0002c170   0x0002c170   0x0000012a   Code   RO         2296    i.uart_irq_handler  nrfx_uart.o
    0x0002c29a   0x0002c29a   0x00000002   PAD
    0x0002c29c   0x0002c29c   0x00000030   Code   RO         1621    i.uarte_evt_handler  nrf_drv_uart.o
    0x0002c2cc   0x0002c2cc   0x00000112   Code   RO         2480    i.uarte_irq_handler  nrfx_uarte.o
    0x0002c3de   0x0002c3de   0x00000002   PAD
    0x0002c3e0   0x0002c3e0   0x000000b4   Code   RO         3724    i.unsigned_print    nrf_fprintf_format.o
    0x0002c494   0x0002c494   0x00000020   Code   RO         2629    i.usr_event         app_button.o
    0x0002c4b4   0x0002c4b4   0x0000003a   Code   RO          561    i.wakeup_button_cfg  bsp.o
    0x0002c4ee   0x0002c4ee   0x00000002   PAD
    0x0002c4f0   0x0002c4f0   0x00000014   Data   RO           23    .constdata          main.o
    0x0002c504   0x0002c504   0x00000018   Data   RO           24    .constdata          main.o
    0x0002c51c   0x0002c51c   0x00000008   Data   RO          425    .constdata          boards.o
    0x0002c524   0x0002c524   0x0000002c   Data   RO          566    .constdata          bsp.o
    0x0002c550   0x0002c550   0x0000007c   Data   RO          898    .constdata          ble_db_discovery.o
    0x0002c5cc   0x0002c5cc   0x00000016   Data   RO         1095    .constdata          nrf_ble_gatt.o
    0x0002c5e2   0x0002c5e2   0x00000002   PAD
    0x0002c5e4   0x0002c5e4   0x00000018   Data   RO         1196    .constdata          nrf_ble_gq.o
    0x0002c5fc   0x0002c5fc   0x00000010   Data   RO         1403    .constdata          ble_nus_c.o
    0x0002c60c   0x0002c60c   0x00000004   Data   RO         1988    .constdata          nrfx_gpiote.o
    0x0002c610   0x0002c610   0x00000004   Data   RO         2299    .constdata          nrfx_uart.o
    0x0002c614   0x0002c614   0x00000004   Data   RO         2483    .constdata          nrfx_uarte.o
    0x0002c618   0x0002c618   0x00000008   Data   RO         2632    .constdata          app_button.o
    0x0002c620   0x0002c620   0x00000014   Data   RO         2952    .constdata          app_timer2.o
    0x0002c634   0x0002c634   0x00000020   Data   RO         3083    .constdata          app_uart_fifo.o
    0x0002c654   0x0002c654   0x0000000c   PAD
    0x0002c660   0x0002c660   0x00000006   Data   RO         3247    .constdata          drv_rtc.o
    0x0002c666   0x0002c666   0x00000010   Data   RO         3725    .constdata          nrf_fprintf_format.o
    0x0002c676   0x0002c676   0x00000002   PAD
    0x0002c678   0x0002c678   0x00000018   Data   RO         3845    .constdata          nrf_pwr_mgmt.o
    0x0002c690   0x0002c690   0x0000000c   Data   RO         3846    .constdata          nrf_pwr_mgmt.o
    0x0002c69c   0x0002c69c   0x0000013c   Data   RO         4186    .constdata          nrf_strerror.o
    0x0002c7d8   0x0002c7d8   0x0000000c   Data   RO         4261    .constdata          nrf_log_backend_rtt.o
    0x0002c7e4   0x0002c7e4   0x0000000c   PAD
    0x0002c7f0   0x0002c7f0   0x00000006   Data   RO         4262    .constdata          nrf_log_backend_rtt.o
    0x0002c7f6   0x0002c7f6   0x00000002   PAD
    0x0002c7f8   0x0002c7f8   0x0000000c   Data   RO         4424    .constdata          nrf_log_frontend.o
    0x0002c804   0x0002c804   0x00000010   Data   RO         4904    .constdata          nrf_sdh.o
    0x0002c814   0x0002c814   0x00000028   Data   RO         4905    .constdata          nrf_sdh.o
    0x0002c83c   0x0002c83c   0x00000010   Data   RO         4906    .constdata          nrf_sdh.o
    0x0002c84c   0x0002c84c   0x00000010   Data   RO         4907    .constdata          nrf_sdh.o
    0x0002c85c   0x0002c85c   0x00000020   Data   RO         5015    .constdata          nrf_sdh_ble.o
    0x0002c87c   0x0002c87c   0x00000010   Data   RO         5016    .constdata          nrf_sdh_ble.o
    0x0002c88c   0x0002c88c   0x00000010   Data   RO         5066    .constdata          nrf_sdh_soc.o
    0x0002c89c   0x0002c89c   0x0000000c   Data   RO         5067    .constdata          nrf_sdh_soc.o
    0x0002c8a8   0x0002c8a8   0x00000081   Data   RO         5148    .constdata          mc_w.l(ctype_o.o)
    0x0002c929   0x0002c929   0x00000003   PAD
    0x0002c92c   0x0002c92c   0x00000004   Data   RO         5149    .constdata          mc_w.l(ctype_o.o)
    0x0002c930   0x0002c930   0x000000e9   Data   RO          899    .conststring        ble_db_discovery.o
    0x0002ca19   0x0002ca19   0x00000003   PAD
    0x0002ca1c   0x0002ca1c   0x000000a2   Data   RO         1096    .conststring        nrf_ble_gatt.o
    0x0002cabe   0x0002cabe   0x00000002   PAD
    0x0002cac0   0x0002cac0   0x0000004a   Data   RO         1197    .conststring        nrf_ble_gq.o
    0x0002cb0a   0x0002cb0a   0x00000002   PAD
    0x0002cb0c   0x0002cb0c   0x000003eb   Data   RO         4187    .conststring        nrf_strerror.o
    0x0002cef7   0x0002cef7   0x00000001   PAD
    0x0002cef8   0x0002cef8   0x00000066   Data   RO         4585    .conststring        nrf_log_str_formatter.o
    0x0002cf5e   0x0002cf5e   0x00000002   PAD
    0x0002cf60   0x0002cf60   0x000001cf   Data   RO         5017    .conststring        nrf_sdh_ble.o
    0x0002d12f   0x0002d12f   0x00000001   PAD
    0x0002d130   0x0002d130   0x0000000c   Data   RO          900    .conststrlit        ble_db_discovery.o
    0x0002d13c   0x0002d13c   0x0000000d   Data   RO         1097    .conststrlit        nrf_ble_gatt.o
    0x0002d149   0x0002d149   0x00000003   PAD
    0x0002d14c   0x0002d14c   0x0000000b   Data   RO         1198    .conststrlit        nrf_ble_gq.o
    0x0002d157   0x0002d157   0x00000001   PAD
    0x0002d158   0x0002d158   0x00000009   Data   RO         1285    .conststrlit        nrf_ble_scan.o
    0x0002d161   0x0002d161   0x00000003   PAD
    0x0002d164   0x0002d164   0x0000000a   Data   RO         1404    .conststrlit        ble_nus_c.o
    0x0002d16e   0x0002d16e   0x00000002   PAD
    0x0002d170   0x0002d170   0x00000006   Data   RO         1492    .conststrlit        nrf_drv_clock.o
    0x0002d176   0x0002d176   0x00000002   PAD
    0x0002d178   0x0002d178   0x00000006   Data   RO         1827    .conststrlit        nrfx_clock.o
    0x0002d17e   0x0002d17e   0x00000002   PAD
    0x0002d180   0x0002d180   0x00000007   Data   RO         1992    .conststrlit        nrfx_gpiote.o
    0x0002d187   0x0002d187   0x00000001   PAD
    0x0002d188   0x0002d188   0x00000004   Data   RO         2222    .conststrlit        nrfx_prs.o
    0x0002d18c   0x0002d18c   0x00000005   Data   RO         2302    .conststrlit        nrfx_uart.o
    0x0002d191   0x0002d191   0x00000003   PAD
    0x0002d194   0x0002d194   0x00000006   Data   RO         2486    .conststrlit        nrfx_uarte.o
    0x0002d19a   0x0002d19a   0x00000002   PAD
    0x0002d19c   0x0002d19c   0x0000000b   Data   RO         2633    .conststrlit        app_button.o
    0x0002d1a7   0x0002d1a7   0x00000001   PAD
    0x0002d1a8   0x0002d1a8   0x0000000a   Data   RO         2953    .conststrlit        app_timer2.o
    0x0002d1b2   0x0002d1b2   0x00000002   PAD
    0x0002d1b4   0x0002d1b4   0x00000009   Data   RO         3847    .conststrlit        nrf_pwr_mgmt.o
    0x0002d1bd   0x0002d1bd   0x00000003   PAD
    0x0002d1c0   0x0002d1c0   0x00000009   Data   RO         4133    .conststrlit        nrf_sortlist.o
    0x0002d1c9   0x0002d1c9   0x00000003   PAD
    0x0002d1cc   0x0002d1cc   0x00000010   Data   RO         4359    .conststrlit        nrf_log_default_backends.o
    0x0002d1dc   0x0002d1dc   0x00000004   Data   RO         4425    .conststrlit        nrf_log_frontend.o
    0x0002d1e0   0x0002d1e0   0x00000008   Data   RO         4908    .conststrlit        nrf_sdh.o
    0x0002d1e8   0x0002d1e8   0x0000000c   Data   RO         5018    .conststrlit        nrf_sdh_ble.o
    0x0002d1f4   0x0002d1f4   0x0000000c   Data   RO         5068    .conststrlit        nrf_sdh_soc.o
    0x0002d200   0x0002d200   0x00000020   Data   RO         5482    Region$$Table       anon$$obj.o
    0x0002d220   0x0002d220   0x00000010   Data   RO         4361    log_backends        nrf_log_default_backends.o
    0x0002d230   0x0002d230   0x00000008   Data   RO          902    log_const_data      ble_db_discovery.o
    0x0002d238   0x0002d238   0x00000008   Data   RO         1098    log_const_data      nrf_ble_gatt.o
    0x0002d240   0x0002d240   0x00000008   Data   RO         1199    log_const_data      nrf_ble_gq.o
    0x0002d248   0x0002d248   0x00000008   Data   RO         1286    log_const_data      nrf_ble_scan.o
    0x0002d250   0x0002d250   0x00000008   Data   RO         1405    log_const_data      ble_nus_c.o
    0x0002d258   0x0002d258   0x00000008   Data   RO         1493    log_const_data      nrf_drv_clock.o
    0x0002d260   0x0002d260   0x00000008   Data   RO         1829    log_const_data      nrfx_clock.o
    0x0002d268   0x0002d268   0x00000008   Data   RO         1993    log_const_data      nrfx_gpiote.o
    0x0002d270   0x0002d270   0x00000008   Data   RO         2224    log_const_data      nrfx_prs.o
    0x0002d278   0x0002d278   0x00000008   Data   RO         2303    log_const_data      nrfx_uart.o
    0x0002d280   0x0002d280   0x00000008   Data   RO         2487    log_const_data      nrfx_uarte.o
    0x0002d288   0x0002d288   0x00000008   Data   RO         2635    log_const_data      app_button.o
    0x0002d290   0x0002d290   0x00000008   Data   RO         2956    log_const_data      app_timer2.o
    0x0002d298   0x0002d298   0x00000008   Data   RO         3849    log_const_data      nrf_pwr_mgmt.o
    0x0002d2a0   0x0002d2a0   0x00000008   Data   RO         4134    log_const_data      nrf_sortlist.o
    0x0002d2a8   0x0002d2a8   0x00000008   Data   RO         4428    log_const_data      nrf_log_frontend.o
    0x0002d2b0   0x0002d2b0   0x00000008   Data   RO         4910    log_const_data      nrf_sdh.o
    0x0002d2b8   0x0002d2b8   0x00000008   Data   RO         5020    log_const_data      nrf_sdh_ble.o
    0x0002d2c0   0x0002d2c0   0x00000008   Data   RO         5069    log_const_data      nrf_sdh_soc.o
    0x0002d2c8   0x0002d2c8   0x00000014   Data   RO           30    nrf_balloc          main.o
    0x0002d2dc   0x0002d2dc   0x00000014   Data   RO         4429    nrf_balloc          nrf_log_frontend.o
    0x0002d2f0   0x0002d2f0   0x00000014   Data   RO           31    nrf_queue           main.o
    0x0002d304   0x0002d304   0x00000004   Data   RO           32    pwr_mgmt_data1      main.o
    0x0002d308   0x0002d308   0x00000020   Data   RO           33    sdh_ble_observers1  main.o
    0x0002d328   0x0002d328   0x00000008   Data   RO          669    sdh_ble_observers1  bsp_btn_ble.o
    0x0002d330   0x0002d330   0x00000008   Data   RO           34    sdh_ble_observers2  main.o
    0x0002d338   0x0002d338   0x00000008   Data   RO           35    sdh_ble_observers3  main.o
    0x0002d340   0x0002d340   0x00000008   Data   RO         1494    sdh_soc_observers0  nrf_drv_clock.o
    0x0002d348   0x0002d348   0x00000008   Data   RO         5021    sdh_stack_observers0  nrf_sdh_ble.o
    0x0002d350   0x0002d350   0x00000008   Data   RO         5070    sdh_stack_observers0  nrf_sdh_soc.o
    0x0002d358   0x0002d358   0x00000008   Data   RO         1495    sdh_state_observers0  nrf_drv_clock.o


    Execution Region RW_IRAM1 (Exec base: 0x20002a28, Load base: 0x0002d360, Size: 0x00003668, Max: 0x0000d5d8, ABSOLUTE, COMPRESSED[0x00000068])

    Exec Addr    Load Addr    Size         Type   Attr      Idx    E Section Name        Object

    0x20002a28   COMPRESSED   0x000005e8   Data   RW           25    .data               main.o
    0x20003010   COMPRESSED   0x00000002   Data   RW           26    .data               main.o
    0x20003012   COMPRESSED   0x00000004   Data   RW           27    .data               main.o
    0x20003016   COMPRESSED   0x00000008   Data   RW           28    .data               main.o
    0x2000301e   COMPRESSED   0x00000002   PAD
    0x20003020   COMPRESSED   0x00000008   Data   RW           29    .data               main.o
    0x20003028   COMPRESSED   0x00000010   Data   RW          567    .data               bsp.o
    0x20003038   COMPRESSED   0x00000008   Data   RW          668    .data               bsp_btn_ble.o
    0x20003040   COMPRESSED   0x00000010   Data   RW          901    .data               ble_db_discovery.o
    0x20003050   COMPRESSED   0x0000000c   Data   RW         1622    .data               nrf_drv_uart.o
    0x2000305c   COMPRESSED   0x00000008   Data   RW         1828    .data               nrfx_clock.o
    0x20003064   COMPRESSED   0x00000008   Data   RW         2223    .data               nrfx_prs.o
    0x2000306c   COMPRESSED   0x00000004   PAD
    0x20003070   COMPRESSED   0x00000018   Data   RW         2634    .data               app_button.o
    0x20003088   COMPRESSED   0x00000020   Data   RW         2954    .data               app_timer2.o
    0x200030a8   COMPRESSED   0x00000004   Data   RW         2955    .data               app_timer2.o
    0x200030ac   COMPRESSED   0x0000001c   Data   RW         3084    .data               app_uart_fifo.o
    0x200030c8   COMPRESSED   0x0000000c   Data   RW         3248    .data               drv_rtc.o
    0x200030d4   COMPRESSED   0x00000008   Data   RW         3848    .data               nrf_pwr_mgmt.o
    0x200030dc   COMPRESSED   0x00000004   Data   RW         4219    .data               retarget.o
    0x200030e0   COMPRESSED   0x00000001   Data   RW         4263    .data               nrf_log_backend_rtt.o
    0x200030e1   COMPRESSED   0x00000003   PAD
    0x200030e4   COMPRESSED   0x00000008   Data   RW         4360    .data               nrf_log_default_backends.o
    0x200030ec   COMPRESSED   0x00000008   Data   RW         4426    .data               nrf_log_frontend.o
    0x200030f4   COMPRESSED   0x00000008   Data   RW         4427    .data               nrf_log_frontend.o
    0x200030fc   COMPRESSED   0x00000040   Data   RW         4586    .data               nrf_log_str_formatter.o
    0x2000313c   COMPRESSED   0x00000003   Data   RW         4909    .data               nrf_sdh.o
    0x2000313f   COMPRESSED   0x00000001   Data   RW         5019    .data               nrf_sdh_ble.o
    0x20003140   COMPRESSED   0x00000004   Data   RW         5109    .data               system_nrf52.o
    0x20003144        -       0x00000370   Zero   RW           18    .bss                main.o
    0x200034b4        -       0x000000a0   Zero   RW           19    .bss                main.o
    0x20003554        -       0x0000000c   Zero   RW           20    .bss                main.o
    0x20003560        -       0x0000000c   Zero   RW           21    .bss                main.o
    0x2000356c        -       0x000000c0   Zero   RW           22    .bss                main.o
    0x2000362c   COMPRESSED   0x00000004   PAD
    0x20003630        -       0x00000020   Zero   RW          562    .bss                bsp.o
    0x20003650        -       0x00000020   Zero   RW          563    .bss                bsp.o
    0x20003670        -       0x0000000c   Zero   RW          564    .bss                bsp.o
    0x2000367c   COMPRESSED   0x00000004   PAD
    0x20003680        -       0x00000020   Zero   RW          565    .bss                bsp.o
    0x200036a0        -       0x00000018   Zero   RW          897    .bss                ble_db_discovery.o
    0x200036b8        -       0x00000014   Zero   RW         1487    .bss                nrf_drv_clock.o
    0x200036cc        -       0x0000005c   Zero   RW         1987    .bss                nrfx_gpiote.o
    0x20003728        -       0x0000002c   Zero   RW         2297    .bss                nrfx_uart.o
    0x20003754        -       0x00000024   Zero   RW         2481    .bss                nrfx_uarte.o
    0x20003778        -       0x00000020   Zero   RW         2630    .bss                app_button.o
    0x20003798        -       0x00000010   Zero   RW         2631    .bss                app_button.o
    0x200037a8        -       0x00000010   Zero   RW         2950    .bss                app_timer2.o
    0x200037b8        -       0x00000058   Zero   RW         2951    .bss                app_timer2.o
    0x20003810        -       0x00000020   Zero   RW         3082    .bss                app_uart_fifo.o
    0x20003830        -       0x0000000c   Zero   RW         3163    .bss                app_util_platform.o
    0x2000383c        -       0x0000000c   Zero   RW         3844    .bss                nrf_pwr_mgmt.o
    0x20003848        -       0x00000040   Zero   RW         4260    .bss                nrf_log_backend_rtt.o
    0x20003888        -       0x000000c0   Zero   RW         4420    .bss                nrf_log_frontend.o
    0x20003948        -       0x00000080   Zero   RW         4421    .bss                nrf_log_frontend.o
    0x200039c8        -       0x00000018   Zero   RW         4422    .bss                nrf_log_frontend.o
    0x200039e0        -       0x00000424   Zero   RW         4423    .bss                nrf_log_frontend.o
    0x20003e04        -       0x00000288   Zero   RW         4662    .bss                segger_rtt.o
    0x2000408c   COMPRESSED   0x00000004   PAD
    0x20004090        -       0x00002000   Zero   RW         5097    STACK               arm_startup_nrf52.o


==============================================================================

Image component sizes


      Code (inc. data)   RO Data    RW Data    ZI Data      Debug   Object Name

       664         66         27         24         48      17590   app_button.o
        22          0          0          0          0       2433   app_error.o
       132         46          0          0          0      30569   app_error_weak.o
       118          0          0          0          0       4918   app_fifo.o
       846         88         38         36        104      16405   app_timer2.o
       528         60         32         28         32      21054   app_uart_fifo.o
       124         14          0          0         12       9546   app_util_platform.o
        36          8        512          0       8192        916   arm_startup_nrf52.o
         0          0          0          0          0        400   ble_advdata.o
      1966        156        377         16         24      31803   ble_db_discovery.o
       664         70         34          0          0      12376   ble_nus_c.o
       358         40          8          0          0      48759   boards.o
       998         84         44         16        108      15403   bsp.o
       252         10          8          8          0       4728   bsp_btn_ble.o
       696         76          6         12          0      46221   drv_rtc.o
      1820        702        136       1534       1256     152086   main.o
       326          0          0          0          0       5855   nrf_atfifo.o
       294          0          0          0          0       7743   nrf_atomic.o
       164          0          0          0          0       3576   nrf_balloc.o
       950        272        205          0          0      37862   nrf_ble_gatt.o
      1122        114        117          0          0      10895   nrf_ble_gq.o
       988        144         17          0          0      10115   nrf_ble_scan.o
       276         34         30          0         20      37556   nrf_drv_clock.o
       200         26          0         12          0      17692   nrf_drv_uart.o
        50          0          0          0          0       3493   nrf_fprintf.o
       866          4         16          0          0       6494   nrf_fprintf_format.o
       112         18         18          1         64       6013   nrf_log_backend_rtt.o
       200          0          0          0          0      10813   nrf_log_backend_serial.o
        28          4         32          8          0       3305   nrf_log_default_backends.o
      1520        114         44         16       1404      31152   nrf_log_frontend.o
       570        108        102         64          0       5584   nrf_log_str_formatter.o
       346          0          0          0          0       9463   nrf_memobj.o
       292         42         53          8         12      38106   nrf_pwr_mgmt.o
       406          0          0          0          0       6323   nrf_queue.o
        28          0          0          0          0       2331   nrf_ringbuf.o
       384         46        104          3          0      39099   nrf_sdh.o
       724        232        539          1          0       5845   nrf_sdh_ble.o
        60          4         56          0          0       2432   nrf_sdh_soc.o
        78          0          0          0          0       2724   nrf_section_iter.o
        84          0         17          0          0       4033   nrf_sortlist.o
        76         10       1319          0          0       2691   nrf_strerror.o
       222         30         14          8          0      43394   nrfx_clock.o
      1222         92         19          0         92      59259   nrfx_gpiote.o
        94         16         12          8          0       3701   nrfx_prs.o
      1364         38         17          0         44      29977   nrfx_uart.o
      1286         36         18          0         36      24843   nrfx_uarte.o
        14          0          0          4          0       2850   retarget.o
       378         34          0          0        648       8885   segger_rtt.o
       796         70          0          4          0       2911   system_nrf52.o

    ----------------------------------------------------------------------
     24802       2908       4072       1820      12108     902222   Object Totals
         0          0         32          0          0          0   (incl. Generated)
        58          0         69          9         12          0   (incl. Padding)

    ----------------------------------------------------------------------

      Code (inc. data)   RO Data    RW Data    ZI Data      Debug   Library Member Name

        86          0          0          0          0          0   __dczerorl2.o
         8          4        133          0          0         68   ctype_o.o
         0          0          0          0          0          0   entry.o
         0          0          0          0          0          0   entry10a.o
         0          0          0          0          0          0   entry11a.o
         8          4          0          0          0          0   entry2.o
         4          0          0          0          0          0   entry5.o
         0          0          0          0          0          0   entry7b.o
         0          0          0          0          0          0   entry8b.o
         8          4          0          0          0          0   entry9a.o
        30          0          0          0          0          0   handlers.o
        36          8          0          0          0         68   init.o
        30          0          0          0          0         68   llshl.o
        32          0          0          0          0         68   llushr.o
        26          0          0          0          0         80   memcmp.o
        36          0          0          0          0         68   memcpya.o
        36          0          0          0          0        108   memseta.o
        50          8          0          0          0        152   printfb.o
        18          0          0          0          0         68   strcpy.o
        14          0          0          0          0         68   strlen.o
        98          0          0          0          0         92   uldiv.o

    ----------------------------------------------------------------------
       526         28        136          0          0        908   Library Totals
         6          0          3          0          0          0   (incl. Padding)

    ----------------------------------------------------------------------

      Code (inc. data)   RO Data    RW Data    ZI Data      Debug   Library Name

       520         28        133          0          0        908   mc_w.l

    ----------------------------------------------------------------------
       526         28        136          0          0        908   Library Totals

    ----------------------------------------------------------------------

==============================================================================


      Code (inc. data)   RO Data    RW Data    ZI Data      Debug   

     25328       2936       4208       1820      12108     872150   Grand Totals
     25328       2936       4208        104      12108     872150   ELF Image Totals (compressed)
     25328       2936       4208        104          0          0   ROM Totals

==============================================================================

    Total RO  Size (Code + RO Data)                29536 (  28.84kB)
    Total RW  Size (RW Data + ZI Data)             13928 (  13.60kB)
    Total ROM Size (Code + RO Data + RW Data)      29640 (  28.95kB)

==============================================================================

