<html>
<body>
<pre>
<h1>µVision Build Log</h1>
<h2>Tool Versions:</h2>
IDE-Version: ¦ÌVision V5.25.2.0
Copyright (C) 2018 ARM Ltd and ARM Germany GmbH. All rights reserved.
License Information: Hang Yuule, SEU, LIC=RC9VE-5DJJL-62ZLB-2E62W-D9AM3-9AGM0
 
Tool Versions:
Toolchain:       MDK-ARM Plus  Version: 5.25.2.0
Toolchain Path:  D:\IDLE\MDK525\ARM\ARMCC\Bin
C Compiler:      Armcc.exe V5.06 update 6 (build 750)
Assembler:       Armasm.exe V5.06 update 6 (build 750)
Linker/Locator:  ArmLink.exe V5.06 update 6 (build 750)
Library Manager: ArmAr.exe V5.06 update 6 (build 750)
Hex Converter:   FromElf.exe V5.06 update 6 (build 750)
CPU DLL:         
Dialog DLL:      
Target DLL:      Segger\JL2CM3.dll V2.99.29.0
Dialog DLL:      TCM.DLL V1.35.1.0
 
<h2>Project:</h2>
D:\PROJECT\nordic\ble_cfgtool_central\examples\ble_app_uart_c\ble_central\pca10040\s132\arm5_no_packs\ble_app_uart_c_pca10040_s132.uvprojx
Project File Date:  10/26/2020

<h2>Output:</h2>
*** Using Compiler 'V5.06 update 6 (build 750)', folder: 'D:\IDLE\MDK525\ARM\ARMCC\Bin'
Build target 'nrf52832_xxaa'
compiling utf.c...
compiling ble_srv_common.c...
compiling nrf_ble_gatt.c...
compiling boards.c...
compiling ble_advdata.c...
compiling nrf_ble_gq.c...
compiling nrf_ble_scan.c...
compiling bsp_btn_ble.c...
compiling nrf_drv_clock.c...
compiling ble_db_discovery.c...
compiling ble_nus_c.c...
compiling bsp.c...
compiling main.c...
..\..\..\main.c(88): warning:  #177-D: variable "m_nus_uuid"  was declared but never referenced
  static ble_uuid_t const m_nus_uuid =
..\..\..\main.c: 1 warning, 0 errors
compiling app_error.c...
compiling app_error_handler_keil.c...
compiling nrf_drv_uart.c...
compiling app_fifo.c...
compiling nrfx_atomic.c...
compiling nrfx_prs.c...
compiling nrfx_clock.c...
compiling app_error_weak.c...
compiling nrfx_uarte.c...
compiling nrfx_uart.c...
compiling app_scheduler.c...
compiling nrfx_gpiote.c...
compiling app_util_platform.c...
compiling nrf_assert.c...
compiling app_button.c...
compiling hardfault_implementation.c...
compiling app_timer2.c...
compiling app_uart_fifo.c...
compiling nrf_atomic.c...
compiling drv_rtc.c...
compiling nrf_fprintf_format.c...
compiling nrf_fprintf.c...
compiling nrf_atfifo.c...
compiling nrf_balloc.c...
compiling nrf_memobj.c...
compiling nrf_ringbuf.c...
compiling nrf_queue.c...
compiling SEGGER_RTT_Syscalls_KEIL.c...
compiling nrf_section_iter.c...
compiling nrf_pwr_mgmt.c...
compiling nrf_strerror.c...
compiling retarget.c...
compiling nrf_sortlist.c...
compiling SEGGER_RTT.c...
compiling SEGGER_RTT_printf.c...
assembling arm_startup_nrf52.s...
compiling nrf_log_str_formatter.c...
compiling nrf_log_default_backends.c...
compiling nrf_log_backend_serial.c...
compiling nrf_log_frontend.c...
compiling nrf_log_backend_rtt.c...
compiling nrf_sdh.c...
compiling nrf_sdh_ble.c...
compiling system_nrf52.c...
compiling nrf_sdh_soc.c...
linking...
Program Size: Code=25328 RO-data=4208 RW-data=1820 ZI-data=12108  
FromELF: creating hex file...
".\_build\nrf52832_xxaa.axf" - 0 Error(s), 1 Warning(s).

<h2>Software Packages used:</h2>

Package Vendor: ARM
                http://www.keil.com/pack/ARM.CMSIS.4.5.0.pack
                ARM.CMSIS.4.5.0
                CMSIS (Cortex Microcontroller Software Interface Standard)
   * Component: CORE Version: 4.3.0

Package Vendor: NordicSemiconductor
                http://developer.nordicsemi.com/nRF5_SDK/pieces/nRF_DeviceFamilyPack/NordicSemiconductor.nRF_DeviceFamilyPack.8.27.1.pack
                NordicSemiconductor.nRF_DeviceFamilyPack.8.27.1
                Nordic Semiconductor nRF ARM devices Device Family Pack with BSD license.
   * Component: Startup Version: 8.27.1
   * Component: StartupConfig Version: 8.27.1

<h2>Collection of Component include folders:</h2>
  .\RTE\Device\nRF52832_xxAA
  .\RTE\_nrf52832_xxaa
  D:\IDLE\MDK525\ARM\PACK\ARM\CMSIS\4.5.0\CMSIS\Include
  D:\IDLE\MDK525\ARM\PACK\NordicSemiconductor\nRF_DeviceFamilyPack\8.27.1\Device\Include

<h2>Collection of Component Files used:</h2>

   * Component: ARM::CMSIS:CORE:4.3.0

   * Component: NordicSemiconductor::Device:Startup:8.27.1
      Source file:   Device\Source\arm\arm_startup_nrf52.s
      Include file:  Device\Include\system_nrf.h
      Include file:  Device\Include\system_nrf52.h
      Source file:   Device\Source\system_nrf52.c

   * Component: NordicSemiconductor::Device:StartupConfig:8.27.1
      Include file:  Device\Source\startup_config.h
Build Time Elapsed:  00:00:14
</pre>
</body>
</html>
